Archive member included to satisfy reference by file (symbol)

/home/eugen/st/stm32cubeide_1.14.0/plugins/com.st.stm32cube.ide.mcu.externaltools.gnu-tools-for-stm32.11.3.rel1.linux64_1.1.100.202309141235/tools/bin/../lib/gcc/arm-none-eabi/11.3.1/../../../../arm-none-eabi/lib/thumb/v7e-m+dp/hard/libc_nano.a(libc_a-exit.o)
                              /home/eugen/st/stm32cubeide_1.14.0/plugins/com.st.stm32cube.ide.mcu.externaltools.gnu-tools-for-stm32.11.3.rel1.linux64_1.1.100.202309141235/tools/bin/../lib/gcc/arm-none-eabi/11.3.1/../../../../arm-none-eabi/lib/thumb/v7e-m+dp/hard/crt0.o (exit)
/home/eugen/st/stm32cubeide_1.14.0/plugins/com.st.stm32cube.ide.mcu.externaltools.gnu-tools-for-stm32.11.3.rel1.linux64_1.1.100.202309141235/tools/bin/../lib/gcc/arm-none-eabi/11.3.1/../../../../arm-none-eabi/lib/thumb/v7e-m+dp/hard/libc_nano.a(libc_a-nano-vfprintf_float.o)
                              (_printf_float)
/home/eugen/st/stm32cubeide_1.14.0/plugins/com.st.stm32cube.ide.mcu.externaltools.gnu-tools-for-stm32.11.3.rel1.linux64_1.1.100.202309141235/tools/bin/../lib/gcc/arm-none-eabi/11.3.1/../../../../arm-none-eabi/lib/thumb/v7e-m+dp/hard/libc_nano.a(libc_a-nano-vfprintf_i.o)
                              /home/eugen/st/stm32cubeide_1.14.0/plugins/com.st.stm32cube.ide.mcu.externaltools.gnu-tools-for-stm32.11.3.rel1.linux64_1.1.100.202309141235/tools/bin/../lib/gcc/arm-none-eabi/11.3.1/../../../../arm-none-eabi/lib/thumb/v7e-m+dp/hard/libc_nano.a(libc_a-nano-vfprintf_float.o) (_printf_common)
/home/eugen/st/stm32cubeide_1.14.0/plugins/com.st.stm32cube.ide.mcu.externaltools.gnu-tools-for-stm32.11.3.rel1.linux64_1.1.100.202309141235/tools/bin/../lib/gcc/arm-none-eabi/11.3.1/../../../../arm-none-eabi/lib/thumb/v7e-m+dp/hard/libc_nano.a(libc_a-findfp.o)
                              /home/eugen/st/stm32cubeide_1.14.0/plugins/com.st.stm32cube.ide.mcu.externaltools.gnu-tools-for-stm32.11.3.rel1.linux64_1.1.100.202309141235/tools/bin/../lib/gcc/arm-none-eabi/11.3.1/../../../../arm-none-eabi/lib/thumb/v7e-m+dp/hard/libc_nano.a(libc_a-exit.o) (__stdio_exit_handler)
/home/eugen/st/stm32cubeide_1.14.0/plugins/com.st.stm32cube.ide.mcu.externaltools.gnu-tools-for-stm32.11.3.rel1.linux64_1.1.100.202309141235/tools/bin/../lib/gcc/arm-none-eabi/11.3.1/../../../../arm-none-eabi/lib/thumb/v7e-m+dp/hard/libc_nano.a(libc_a-fwalk.o)
                              /home/eugen/st/stm32cubeide_1.14.0/plugins/com.st.stm32cube.ide.mcu.externaltools.gnu-tools-for-stm32.11.3.rel1.linux64_1.1.100.202309141235/tools/bin/../lib/gcc/arm-none-eabi/11.3.1/../../../../arm-none-eabi/lib/thumb/v7e-m+dp/hard/libc_nano.a(libc_a-findfp.o) (_fwalk_sglue)
/home/eugen/st/stm32cubeide_1.14.0/plugins/com.st.stm32cube.ide.mcu.externaltools.gnu-tools-for-stm32.11.3.rel1.linux64_1.1.100.202309141235/tools/bin/../lib/gcc/arm-none-eabi/11.3.1/../../../../arm-none-eabi/lib/thumb/v7e-m+dp/hard/libc_nano.a(libc_a-printf.o)
                              ./Core/Src/main.o (printf)
/home/eugen/st/stm32cubeide_1.14.0/plugins/com.st.stm32cube.ide.mcu.externaltools.gnu-tools-for-stm32.11.3.rel1.linux64_1.1.100.202309141235/tools/bin/../lib/gcc/arm-none-eabi/11.3.1/../../../../arm-none-eabi/lib/thumb/v7e-m+dp/hard/libc_nano.a(libc_a-puts.o)
                              ./Core/Src/main.o (puts)
/home/eugen/st/stm32cubeide_1.14.0/plugins/com.st.stm32cube.ide.mcu.externaltools.gnu-tools-for-stm32.11.3.rel1.linux64_1.1.100.202309141235/tools/bin/../lib/gcc/arm-none-eabi/11.3.1/../../../../arm-none-eabi/lib/thumb/v7e-m+dp/hard/libc_nano.a(libc_a-stdio.o)
                              /home/eugen/st/stm32cubeide_1.14.0/plugins/com.st.stm32cube.ide.mcu.externaltools.gnu-tools-for-stm32.11.3.rel1.linux64_1.1.100.202309141235/tools/bin/../lib/gcc/arm-none-eabi/11.3.1/../../../../arm-none-eabi/lib/thumb/v7e-m+dp/hard/libc_nano.a(libc_a-findfp.o) (__sread)
/home/eugen/st/stm32cubeide_1.14.0/plugins/com.st.stm32cube.ide.mcu.externaltools.gnu-tools-for-stm32.11.3.rel1.linux64_1.1.100.202309141235/tools/bin/../lib/gcc/arm-none-eabi/11.3.1/../../../../arm-none-eabi/lib/thumb/v7e-m+dp/hard/libc_nano.a(libc_a-wbuf.o)
                              /home/eugen/st/stm32cubeide_1.14.0/plugins/com.st.stm32cube.ide.mcu.externaltools.gnu-tools-for-stm32.11.3.rel1.linux64_1.1.100.202309141235/tools/bin/../lib/gcc/arm-none-eabi/11.3.1/../../../../arm-none-eabi/lib/thumb/v7e-m+dp/hard/libc_nano.a(libc_a-puts.o) (__swbuf_r)
/home/eugen/st/stm32cubeide_1.14.0/plugins/com.st.stm32cube.ide.mcu.externaltools.gnu-tools-for-stm32.11.3.rel1.linux64_1.1.100.202309141235/tools/bin/../lib/gcc/arm-none-eabi/11.3.1/../../../../arm-none-eabi/lib/thumb/v7e-m+dp/hard/libc_nano.a(libc_a-wsetup.o)
                              /home/eugen/st/stm32cubeide_1.14.0/plugins/com.st.stm32cube.ide.mcu.externaltools.gnu-tools-for-stm32.11.3.rel1.linux64_1.1.100.202309141235/tools/bin/../lib/gcc/arm-none-eabi/11.3.1/../../../../arm-none-eabi/lib/thumb/v7e-m+dp/hard/libc_nano.a(libc_a-puts.o) (__swsetup_r)
[...]
Memory Configuration

Name             Origin             Length             Attributes
RAM              0x0000000020000000 0x0000000000080000 xrw
FLASH            0x0000000008000000 0x0000000000200000 xr
*default*        0x0000000000000000 0xffffffffffffffff

Linker script and memory map

LOAD /home/eugen/st/stm32cubeide_1.14.0/plugins/com.st.stm32cube.ide.mcu.externaltools.gnu-tools-for-stm32.11.3.rel1.linux64_1.1.100.202309141235/tools/bin/../lib/gcc/arm-none-eabi/11.3.1/thumb/v7e-m+dp/hard/crti.o
LOAD /home/eugen/st/stm32cubeide_1.14.0/plugins/com.st.stm32cube.ide.mcu.externaltools.gnu-tools-for-stm32.11.3.rel1.linux64_1.1.100.202309141235/tools/bin/../lib/gcc/arm-none-eabi/11.3.1/thumb/v7e-m+dp/hard/crtbegin.o
LOAD /home/eugen/st/stm32cubeide_1.14.0/plugins/com.st.stm32cube.ide.mcu.externaltools.gnu-tools-for-stm32.11.3.rel1.linux64_1.1.100.202309141235/tools/bin/../lib/gcc/arm-none-eabi/11.3.1/../../../../arm-none-eabi/lib/thumb/v7e-m+dp/hard/crt0.o
LOAD ./Core/Src/cobs.o
LOAD ./Core/Src/ertc-datalogger.o
LOAD ./Core/Src/main.o
LOAD ./Core/Src/stm32f7xx_hal_msp.o
LOAD ./Core/Src/stm32f7xx_it.o
LOAD ./Core/Src/syscalls.o
LOAD ./Core/Src/sysmem.o
LOAD ./Core/Src/system_stm32f7xx.o
LOAD ./Core/Startup/startup_stm32f767zitx.o
LOAD ./Drivers/STM32F7xx_HAL_Driver/Src/stm32f7xx_hal.o
LOAD ./Drivers/STM32F7xx_HAL_Driver/Src/stm32f7xx_hal_adc.o
LOAD ./Drivers/STM32F7xx_HAL_Driver/Src/stm32f7xx_hal_adc_ex.o
LOAD ./Drivers/STM32F7xx_HAL_Driver/Src/stm32f7xx_hal_cortex.o
LOAD ./Drivers/STM32F7xx_HAL_Driver/Src/stm32f7xx_hal_dma.o
LOAD ./Drivers/STM32F7xx_HAL_Driver/Src/stm32f7xx_hal_dma_ex.o
LOAD ./Drivers/STM32F7xx_HAL_Driver/Src/stm32f7xx_hal_exti.o
LOAD ./Drivers/STM32F7xx_HAL_Driver/Src/stm32f7xx_hal_flash.o
LOAD ./Drivers/STM32F7xx_HAL_Driver/Src/stm32f7xx_hal_flash_ex.o
LOAD ./Drivers/STM32F7xx_HAL_Driver/Src/stm32f7xx_hal_gpio.o
LOAD ./Drivers/STM32F7xx_HAL_Driver/Src/stm32f7xx_hal_i2c.o
LOAD ./Drivers/STM32F7xx_HAL_Driver/Src/stm32f7xx_hal_i2c_ex.o
LOAD ./Drivers/STM32F7xx_HAL_Driver/Src/stm32f7xx_hal_pwr.o
LOAD ./Drivers/STM32F7xx_HAL_Driver/Src/stm32f7xx_hal_pwr_ex.o
LOAD ./Drivers/STM32F7xx_HAL_Driver/Src/stm32f7xx_hal_rcc.o
LOAD ./Drivers/STM32F7xx_HAL_Driver/Src/stm32f7xx_hal_rcc_ex.o
LOAD ./Drivers/STM32F7xx_HAL_Driver/Src/stm32f7xx_hal_spi.o
LOAD ./Drivers/STM32F7xx_HAL_Driver/Src/stm32f7xx_hal_spi_ex.o
LOAD ./Drivers/STM32F7xx_HAL_Driver/Src/stm32f7xx_hal_tim.o
LOAD ./Drivers/STM32F7xx_HAL_Driver/Src/stm32f7xx_hal_tim_ex.o
LOAD ./Drivers/STM32F7xx_HAL_Driver/Src/stm32f7xx_hal_uart.o
LOAD ./Drivers/STM32F7xx_HAL_Driver/Src/stm32f7xx_hal_uart_ex.o
START GROUP
LOAD /home/eugen/st/stm32cubeide_1.14.0/plugins/com.st.stm32cube.ide.mcu.externaltools.gnu-tools-for-stm32.11.3.rel1.linux64_1.1.100.202309141235/tools/bin/../lib/gcc/arm-none-eabi/11.3.1/../../../../arm-none-eabi/lib/thumb/v7e-m+dp/hard/libc_nano.a
LOAD /home/eugen/st/stm32cubeide_1.14.0/plugins/com.st.stm32cube.ide.mcu.externaltools.gnu-tools-for-stm32.11.3.rel1.linux64_1.1.100.202309141235/tools/bin/../lib/gcc/arm-none-eabi/11.3.1/../../../../arm-none-eabi/lib/thumb/v7e-m+dp/hard/libm.a
END GROUP
START GROUP
LOAD /home/eugen/st/stm32cubeide_1.14.0/plugins/com.st.stm32cube.ide.mcu.externaltools.gnu-tools-for-stm32.11.3.rel1.linux64_1.1.100.202309141235/tools/bin/../lib/gcc/arm-none-eabi/11.3.1/thumb/v7e-m+dp/hard/libgcc.a
LOAD /home/eugen/st/stm32cubeide_1.14.0/plugins/com.st.stm32cube.ide.mcu.externaltools.gnu-tools-for-stm32.11.3.rel1.linux64_1.1.100.202309141235/tools/bin/../lib/gcc/arm-none-eabi/11.3.1/../../../../arm-none-eabi/lib/thumb/v7e-m+dp/hard/libc_nano.a
END GROUP
START GROUP
LOAD /home/eugen/st/stm32cubeide_1.14.0/plugins/com.st.stm32cube.ide.mcu.externaltools.gnu-tools-for-stm32.11.3.rel1.linux64_1.1.100.202309141235/tools/bin/../lib/gcc/arm-none-eabi/11.3.1/thumb/v7e-m+dp/hard/libgcc.a
LOAD /home/eugen/st/stm32cubeide_1.14.0/plugins/com.st.stm32cube.ide.mcu.externaltools.gnu-tools-for-stm32.11.3.rel1.linux64_1.1.100.202309141235/tools/bin/../lib/gcc/arm-none-eabi/11.3.1/../../../../arm-none-eabi/lib/thumb/v7e-m+dp/hard/libc_nano.a
LOAD /home/eugen/st/stm32cubeide_1.14.0/plugins/com.st.stm32cube.ide.mcu.externaltools.gnu-tools-for-stm32.11.3.rel1.linux64_1.1.100.202309141235/tools/bin/../lib/gcc/arm-none-eabi/11.3.1/../../../../arm-none-eabi/lib/thumb/v7e-m+dp/hard/libnosys.a
END GROUP
START GROUP
LOAD /home/eugen/st/stm32cubeide_1.14.0/plugins/com.st.stm32cube.ide.mcu.externaltools.gnu-tools-for-stm32.11.3.rel1.linux64_1.1.100.202309141235/tools/bin/../lib/gcc/arm-none-eabi/11.3.1/thumb/v7e-m+dp/hard/libgcc.a
LOAD /home/eugen/st/stm32cubeide_1.14.0/plugins/com.st.stm32cube.ide.mcu.externaltools.gnu-tools-for-stm32.11.3.rel1.linux64_1.1.100.202309141235/tools/bin/../lib/gcc/arm-none-eabi/11.3.1/../../../../arm-none-eabi/lib/thumb/v7e-m+dp/hard/libc_nano.a
LOAD /home/eugen/st/stm32cubeide_1.14.0/plugins/com.st.stm32cube.ide.mcu.externaltools.gnu-tools-for-stm32.11.3.rel1.linux64_1.1.100.202309141235/tools/bin/../lib/gcc/arm-none-eabi/11.3.1/../../../../arm-none-eabi/lib/thumb/v7e-m+dp/hard/libnosys.a
END GROUP
LOAD /home/eugen/st/stm32cubeide_1.14.0/plugins/com.st.stm32cube.ide.mcu.externaltools.gnu-tools-for-stm32.11.3.rel1.linux64_1.1.100.202309141235/tools/bin/../lib/gcc/arm-none-eabi/11.3.1/thumb/v7e-m+dp/hard/crtend.o
LOAD /home/eugen/st/stm32cubeide_1.14.0/plugins/com.st.stm32cube.ide.mcu.externaltools.gnu-tools-for-stm32.11.3.rel1.linux64_1.1.100.202309141235/tools/bin/../lib/gcc/arm-none-eabi/11.3.1/thumb/v7e-m+dp/hard/crtn.o
                0x0000000020080000                _estack = (ORIGIN (RAM) + LENGTH (RAM))
                0x0000000000000200                _Min_Heap_Size = 0x200
                0x0000000000000400                _Min_Stack_Size = 0x400

.isr_vector     0x0000000008000000      0x1f8
                0x0000000008000000                . = ALIGN (0x4)
 *(.isr_vector)
 .isr_vector    0x0000000008000000      0x1f8 ./Core/Startup/startup_stm32f767zitx.o
                0x0000000008000000                g_pfnVectors
                0x00000000080001f8                . = ALIGN (0x4)

.text           0x0000000008000200     0xa3b8
                0x0000000008000200                . = ALIGN (0x4)
 *(.text)
 .text          0x0000000008000200       0x40 /home/eugen/st/stm32cubeide_1.14.0/plugins/com.st.stm32cube.ide.mcu.externaltools.gnu-tools-for-stm32.11.3.rel1.linux64_1.1.100.202309141235/tools/bin/../lib/gcc/arm-none-eabi/11.3.1/thumb/v7e-m+dp/hard/crtbegin.o
 .text          0x0000000008000240       0xa0 /home/eugen/st/stm32cubeide_1.14.0/plugins/com.st.stm32cube.ide.mcu.externaltools.gnu-tools-for-stm32.11.3.rel1.linux64_1.1.100.202309141235/tools/bin/../lib/gcc/arm-none-eabi/11.3.1/../../../../arm-none-eabi/lib/thumb/v7e-m+dp/hard/libc_nano.a(libc_a-memchr.o)
                0x0000000008000240                memchr
 .text          0x00000000080002e0       0x10 /home/eugen/st/stm32cubeide_1.14.0/plugins/com.st.stm32cube.ide.mcu.externaltools.gnu-tools-for-stm32.11.3.rel1.linux64_1.1.100.202309141235/tools/bin/../lib/gcc/arm-none-eabi/11.3.1/../../../../arm-none-eabi/lib/thumb/v7e-m+dp/hard/libc_nano.a(libc_a-strlen.o)
                0x00000000080002e0                strlen
 .text          0x00000000080002f0       0x30 /home/eugen/st/stm32cubeide_1.14.0/plugins/com.st.stm32cube.ide.mcu.externaltools.gnu-tools-for-stm32.11.3.rel1.linux64_1.1.100.202309141235/tools/bin/../lib/gcc/arm-none-eabi/11.3.1/thumb/v7e-m+dp/hard/libgcc.a(_aeabi_uldivmod.o)
                0x00000000080002f0                __aeabi_uldivmod
 .text          0x0000000008000320      0x2c8 /home/eugen/st/stm32cubeide_1.14.0/plugins/com.st.stm32cube.ide.mcu.externaltools.gnu-tools-for-stm32.11.3.rel1.linux64_1.1.100.202309141235/tools/bin/../lib/gcc/arm-none-eabi/11.3.1/thumb/v7e-m+dp/hard/libgcc.a(_udivmoddi4.o)
                0x0000000008000320                __udivmoddi4
 .text          0x00000000080005e8        0x4 /home/eugen/st/stm32cubeide_1.14.0/plugins/com.st.stm32cube.ide.mcu.externaltools.gnu-tools-for-stm32.11.3.rel1.linux64_1.1.100.202309141235/tools/bin/../lib/gcc/arm-none-eabi/11.3.1/thumb/v7e-m+dp/hard/libgcc.a(_dvmd_tls.o)
                0x00000000080005e8                __aeabi_ldiv0
                0x00000000080005e8                __aeabi_idiv0
 *(.text*)
 .text.ITM_SendChar
                0x00000000080005ec       0x4e ./Core/Src/main.o
 *fill*         0x000000000800063a        0x6 
 .text.update_encoder
                0x0000000008000640      0x128 ./Core/Src/main.o
                0x0000000008000640                update_encoder
 .text.set_pid_gains
                0x0000000008000768       0x32 ./Core/Src/main.o
                0x0000000008000768                set_pid_gains
 .text.reset_pid
                0x000000000800079a       0x2c ./Core/Src/main.o
                0x000000000800079a                reset_pid
 *fill*         0x00000000080007c6        0x2 
 .text.apply_pid
                0x00000000080007c8      0x148 ./Core/Src/main.o
                0x00000000080007c8                apply_pid
 .text.HAL_TIM_PeriodElapsedCallback
                0x0000000008000910      0x2c8 ./Core/Src/main.o
                0x0000000008000910                HAL_TIM_PeriodElapsedCallback
 .text.HAL_GPIO_EXTI_Callback
                0x0000000008000bd8       0x24 ./Core/Src/main.o
                0x0000000008000bd8                HAL_GPIO_EXTI_Callback
 .text.main     0x0000000008000bfc      0x2e8 ./Core/Src/main.o
                0x0000000008000bfc                main
 .text.SystemClock_Config
                0x0000000008000ee4       0xe4 ./Core/Src/main.o
                0x0000000008000ee4                SystemClock_Config
 .text.MX_ADC1_Init
                0x0000000008000fc8       0xa4 ./Core/Src/main.o
 .text.MX_I2C1_Init
                0x000000000800106c       0x80 ./Core/Src/main.o
 .text.MX_I2C2_Init
                0x00000000080010ec       0x80 ./Core/Src/main.o
 .text.MX_SPI1_Init
                0x000000000800116c       0x7c ./Core/Src/main.o
 .text.MX_TIM1_Init
                0x00000000080011e8      0x1a0 ./Core/Src/main.o
 .text.MX_TIM2_Init
                0x0000000008001388      0x134 ./Core/Src/main.o
 .text.MX_TIM3_Init
                0x00000000080014bc       0xac ./Core/Src/main.o
 .text.MX_TIM4_Init
                0x0000000008001568       0xac ./Core/Src/main.o
 .text.MX_TIM5_Init
                0x0000000008001614       0xf0 ./Core/Src/main.o
 .text.MX_TIM6_Init
                0x0000000008001704       0x70 ./Core/Src/main.o
 .text.MX_TIM8_Init
                0x0000000008001774      0x1a4 ./Core/Src/main.o
 .text.MX_TIM9_Init
                0x0000000008001918       0xa0 ./Core/Src/main.o
 .text.MX_UART4_Init
                0x00000000080019b8       0x60 ./Core/Src/main.o
 .text.MX_UART5_Init
                0x0000000008001a18       0x60 ./Core/Src/main.o
 .text.MX_USART1_UART_Init
                0x0000000008001a78       0x60 ./Core/Src/main.o
 .text.MX_USART2_UART_Init
                0x0000000008001ad8       0x60 ./Core/Src/main.o
 .text.MX_USART3_UART_Init
                0x0000000008001b38       0x60 ./Core/Src/main.o
 .text.MX_GPIO_Init
                0x0000000008001b98      0x274 ./Core/Src/main.o
 .text._write   0x0000000008001e0c       0x38 ./Core/Src/main.o
                0x0000000008001e0c                _write
 .text.Error_Handler
                0x0000000008001e44        0xa ./Core/Src/main.o
                0x0000000008001e44                Error_Handler
 *fill*         0x0000000008001e4e        0x2 
 .text.HAL_MspInit
                0x0000000008001e50       0x48 ./Core/Src/stm32f7xx_hal_msp.o
                0x0000000008001e50                HAL_MspInit
 .text.HAL_ADC_MspInit
                0x0000000008001e98       0x80 ./Core/Src/stm32f7xx_hal_msp.o
                0x0000000008001e98                HAL_ADC_MspInit
 .text.HAL_I2C_MspInit
                0x0000000008001f18      0x150 ./Core/Src/stm32f7xx_hal_msp.o
                0x0000000008001f18                HAL_I2C_MspInit
 .text.HAL_SPI_MspInit
                0x0000000008002068      0x100 ./Core/Src/stm32f7xx_hal_msp.o
                0x0000000008002068                HAL_SPI_MspInit
 .text.HAL_TIM_Base_MspInit
                0x0000000008002168      0x134 ./Core/Src/stm32f7xx_hal_msp.o
                0x0000000008002168                HAL_TIM_Base_MspInit
 .text.HAL_TIM_Encoder_MspInit
                0x000000000800229c       0xec ./Core/Src/stm32f7xx_hal_msp.o
                0x000000000800229c                HAL_TIM_Encoder_MspInit
 .text.HAL_TIM_PWM_MspInit
                0x0000000008002388       0x40 ./Core/Src/stm32f7xx_hal_msp.o
                0x0000000008002388                HAL_TIM_PWM_MspInit
 .text.HAL_TIM_MspPostInit
                0x00000000080023c8      0x198 ./Core/Src/stm32f7xx_hal_msp.o
                0x00000000080023c8                HAL_TIM_MspPostInit
 .text.HAL_UART_MspInit
                0x0000000008002560      0x368 ./Core/Src/stm32f7xx_hal_msp.o
                0x0000000008002560                HAL_UART_MspInit
 .text.NMI_Handler
                0x00000000080028c8        0x6 ./Core/Src/stm32f7xx_it.o
                0x00000000080028c8                NMI_Handler
 .text.HardFault_Handler
                0x00000000080028ce        0x6 ./Core/Src/stm32f7xx_it.o
                0x00000000080028ce                HardFault_Handler
 .text.MemManage_Handler
                0x00000000080028d4        0x6 ./Core/Src/stm32f7xx_it.o
                0x00000000080028d4                MemManage_Handler
 .text.BusFault_Handler
                0x00000000080028da        0x6 ./Core/Src/stm32f7xx_it.o
                0x00000000080028da                BusFault_Handler
 .text.UsageFault_Handler
                0x00000000080028e0        0x6 ./Core/Src/stm32f7xx_it.o
                0x00000000080028e0                UsageFault_Handler
 .text.SVC_Handler
                0x00000000080028e6        0xe ./Core/Src/stm32f7xx_it.o
                0x00000000080028e6                SVC_Handler
 .text.DebugMon_Handler
                0x00000000080028f4        0xe ./Core/Src/stm32f7xx_it.o
                0x00000000080028f4                DebugMon_Handler
 .text.PendSV_Handler
                0x0000000008002902        0xe ./Core/Src/stm32f7xx_it.o
                0x0000000008002902                PendSV_Handler
 .text.SysTick_Handler
                0x0000000008002910        0xc ./Core/Src/stm32f7xx_it.o
                0x0000000008002910                SysTick_Handler
 .text.EXTI9_5_IRQHandler
                0x000000000800291c       0x18 ./Core/Src/stm32f7xx_it.o
                0x000000000800291c                EXTI9_5_IRQHandler
 .text.TIM6_DAC_IRQHandler
                0x0000000008002934       0x14 ./Core/Src/stm32f7xx_it.o
                0x0000000008002934                TIM6_DAC_IRQHandler
 .text._getpid  0x0000000008002948       0x10 ./Core/Src/syscalls.o
                0x0000000008002948                _getpid
 .text._kill    0x0000000008002958       0x20 ./Core/Src/syscalls.o
                0x0000000008002958                _kill
 .text._exit    0x0000000008002978       0x14 ./Core/Src/syscalls.o
                0x0000000008002978                _exit
 .text._read    0x000000000800298c       0x3a ./Core/Src/syscalls.o
                0x000000000800298c                _read
 .text._close   0x00000000080029c6       0x18 ./Core/Src/syscalls.o
                0x00000000080029c6                _close
 .text._fstat   0x00000000080029de       0x20 ./Core/Src/syscalls.o
                0x00000000080029de                _fstat
 .text._isatty  0x00000000080029fe       0x16 ./Core/Src/syscalls.o
                0x00000000080029fe                _isatty
 .text._lseek   0x0000000008002a14       0x1a ./Core/Src/syscalls.o
                0x0000000008002a14                _lseek
 *fill*         0x0000000008002a2e        0x2 
 .text._sbrk    0x0000000008002a30       0x6c ./Core/Src/sysmem.o
                0x0000000008002a30                _sbrk
 .text.SystemInit
                0x0000000008002a9c       0x2c ./Core/Src/system_stm32f7xx.o
                0x0000000008002a9c                SystemInit
 .text.Reset_Handler
                0x0000000008002ac8       0x50 ./Core/Startup/startup_stm32f767zitx.o
                0x0000000008002ac8                Reset_Handler
 .text.Default_Handler
                0x0000000008002b18        0x2 ./Core/Startup/startup_stm32f767zitx.o
                0x0000000008002b18                RTC_Alarm_IRQHandler
                0x0000000008002b18                EXTI2_IRQHandler
                0x0000000008002b18                TIM8_CC_IRQHandler
                0x0000000008002b18                UART8_IRQHandler
                0x0000000008002b18                SPI4_IRQHandler
                0x0000000008002b18                TIM1_CC_IRQHandler
                0x0000000008002b18                DMA2_Stream5_IRQHandler
                0x0000000008002b18                JPEG_IRQHandler
                0x0000000008002b18                DMA1_Stream5_IRQHandler
                0x0000000008002b18                CAN3_RX1_IRQHandler
                0x0000000008002b18                PVD_IRQHandler
                0x0000000008002b18                TAMP_STAMP_IRQHandler
                0x0000000008002b18                CAN2_RX1_IRQHandler
                0x0000000008002b18                EXTI3_IRQHandler
                0x0000000008002b18                TIM8_TRG_COM_TIM14_IRQHandler
                0x0000000008002b18                DFSDM1_FLT1_IRQHandler
                0x0000000008002b18                TIM1_UP_TIM10_IRQHandler
                0x0000000008002b18                TIM8_UP_TIM13_IRQHandler
                0x0000000008002b18                I2C3_ER_IRQHandler
                0x0000000008002b18                DFSDM1_FLT2_IRQHandler
                0x0000000008002b18                EXTI0_IRQHandler
                0x0000000008002b18                I2C2_EV_IRQHandler
                0x0000000008002b18                DMA1_Stream2_IRQHandler
                0x0000000008002b18                CAN1_RX0_IRQHandler
                0x0000000008002b18                FPU_IRQHandler
                0x0000000008002b18                OTG_HS_WKUP_IRQHandler
                0x0000000008002b18                CAN3_SCE_IRQHandler
                0x0000000008002b18                LTDC_ER_IRQHandler
                0x0000000008002b18                CAN2_SCE_IRQHandler
                0x0000000008002b18                DMA2_Stream2_IRQHandler
                0x0000000008002b18                SPI1_IRQHandler
                0x0000000008002b18                TIM1_BRK_TIM9_IRQHandler
                0x0000000008002b18                DCMI_IRQHandler
                0x0000000008002b18                CAN2_RX0_IRQHandler
                0x0000000008002b18                DMA2_Stream3_IRQHandler
                0x0000000008002b18                SAI2_IRQHandler
                0x0000000008002b18                DFSDM1_FLT3_IRQHandler
                0x0000000008002b18                USART6_IRQHandler
                0x0000000008002b18                CAN3_RX0_IRQHandler
                0x0000000008002b18                USART3_IRQHandler
                0x0000000008002b18                CAN1_RX1_IRQHandler
                0x0000000008002b18                UART5_IRQHandler
                0x0000000008002b18                DMA2_Stream0_IRQHandler
                0x0000000008002b18                TIM4_IRQHandler
                0x0000000008002b18                QUADSPI_IRQHandler
                0x0000000008002b18                I2C1_EV_IRQHandler
                0x0000000008002b18                DMA1_Stream6_IRQHandler
                0x0000000008002b18                DMA1_Stream1_IRQHandler
                0x0000000008002b18                UART4_IRQHandler
                0x0000000008002b18                TIM3_IRQHandler
                0x0000000008002b18                RCC_IRQHandler
                0x0000000008002b18                TIM8_BRK_TIM12_IRQHandler
                0x0000000008002b18                Default_Handler
                0x0000000008002b18                CEC_IRQHandler
                0x0000000008002b18                EXTI15_10_IRQHandler
                0x0000000008002b18                ADC_IRQHandler
                0x0000000008002b18                DMA1_Stream7_IRQHandler
                0x0000000008002b18                SPI5_IRQHandler
                0x0000000008002b18                TIM7_IRQHandler
                0x0000000008002b18                SDMMC1_IRQHandler
                0x0000000008002b18                CAN2_TX_IRQHandler
                0x0000000008002b18                TIM5_IRQHandler
                0x0000000008002b18                DMA2_Stream7_IRQHandler
                0x0000000008002b18                I2C3_EV_IRQHandler
                0x0000000008002b18                RTC_WKUP_IRQHandler
                0x0000000008002b18                LTDC_IRQHandler
                0x0000000008002b18                ETH_WKUP_IRQHandler
                0x0000000008002b18                SPDIF_RX_IRQHandler
                0x0000000008002b18                SPI2_IRQHandler
                0x0000000008002b18                OTG_HS_EP1_IN_IRQHandler
                0x0000000008002b18                DMA1_Stream0_IRQHandler
                0x0000000008002b18                CAN1_TX_IRQHandler
                0x0000000008002b18                EXTI4_IRQHandler
                0x0000000008002b18                RNG_IRQHandler
                0x0000000008002b18                ETH_IRQHandler
                0x0000000008002b18                OTG_HS_EP1_OUT_IRQHandler
                0x0000000008002b18                WWDG_IRQHandler
                0x0000000008002b18                SPI6_IRQHandler
                0x0000000008002b18                MDIOS_IRQHandler
                0x0000000008002b18                I2C4_EV_IRQHandler
                0x0000000008002b18                CAN3_TX_IRQHandler
                0x0000000008002b18                TIM2_IRQHandler
                0x0000000008002b18                OTG_FS_WKUP_IRQHandler
                0x0000000008002b18                TIM1_TRG_COM_TIM11_IRQHandler
                0x0000000008002b18                OTG_HS_IRQHandler
                0x0000000008002b18                DMA2D_IRQHandler
                0x0000000008002b18                EXTI1_IRQHandler
                0x0000000008002b18                SDMMC2_IRQHandler
                0x0000000008002b18                UART7_IRQHandler
                0x0000000008002b18                USART2_IRQHandler
                0x0000000008002b18                DFSDM1_FLT0_IRQHandler
                0x0000000008002b18                I2C2_ER_IRQHandler
                0x0000000008002b18                DMA2_Stream1_IRQHandler
                0x0000000008002b18                CAN1_SCE_IRQHandler
                0x0000000008002b18                FLASH_IRQHandler
                0x0000000008002b18                DMA2_Stream4_IRQHandler
                0x0000000008002b18                USART1_IRQHandler
                0x0000000008002b18                OTG_FS_IRQHandler
                0x0000000008002b18                SPI3_IRQHandler
                0x0000000008002b18                DMA1_Stream4_IRQHandler
                0x0000000008002b18                I2C1_ER_IRQHandler
                0x0000000008002b18                FMC_IRQHandler
                0x0000000008002b18                LPTIM1_IRQHandler
                0x0000000008002b18                I2C4_ER_IRQHandler
                0x0000000008002b18                DMA2_Stream6_IRQHandler
                0x0000000008002b18                SAI1_IRQHandler
                0x0000000008002b18                DMA1_Stream3_IRQHandler
 .text.HAL_Init
                0x0000000008002b1a       0x1a ./Drivers/STM32F7xx_HAL_Driver/Src/stm32f7xx_hal.o
                0x0000000008002b1a                HAL_Init
 .text.HAL_InitTick
                0x0000000008002b34       0x60 ./Drivers/STM32F7xx_HAL_Driver/Src/stm32f7xx_hal.o
                0x0000000008002b34                HAL_InitTick
 .text.HAL_IncTick
                0x0000000008002b94       0x28 ./Drivers/STM32F7xx_HAL_Driver/Src/stm32f7xx_hal.o
                0x0000000008002b94                HAL_IncTick
 .text.HAL_GetTick
                0x0000000008002bbc       0x18 ./Drivers/STM32F7xx_HAL_Driver/Src/stm32f7xx_hal.o
                0x0000000008002bbc                HAL_GetTick
 .text.HAL_Delay
                0x0000000008002bd4       0x48 ./Drivers/STM32F7xx_HAL_Driver/Src/stm32f7xx_hal.o
                0x0000000008002bd4                HAL_Delay
 .text.HAL_ADC_Init
                0x0000000008002c1c       0x88 ./Drivers/STM32F7xx_HAL_Driver/Src/stm32f7xx_hal_adc.o
                0x0000000008002c1c                HAL_ADC_Init
 .text.HAL_ADC_ConfigChannel
                0x0000000008002ca4      0x2ac ./Drivers/STM32F7xx_HAL_Driver/Src/stm32f7xx_hal_adc.o
                0x0000000008002ca4                HAL_ADC_ConfigChannel
 .text.ADC_Init
                0x0000000008002f50      0x1f4 ./Drivers/STM32F7xx_HAL_Driver/Src/stm32f7xx_hal_adc.o
 .text.__NVIC_SetPriorityGrouping
                0x0000000008003144       0x48 ./Drivers/STM32F7xx_HAL_Driver/Src/stm32f7xx_hal_cortex.o
 .text.__NVIC_GetPriorityGrouping
                0x000000000800318c       0x1c ./Drivers/STM32F7xx_HAL_Driver/Src/stm32f7xx_hal_cortex.o
 .text.__NVIC_EnableIRQ
                0x00000000080031a8       0x3c ./Drivers/STM32F7xx_HAL_Driver/Src/stm32f7xx_hal_cortex.o
 .text.__NVIC_SetPriority
                0x00000000080031e4       0x54 ./Drivers/STM32F7xx_HAL_Driver/Src/stm32f7xx_hal_cortex.o
 .text.NVIC_EncodePriority
                0x0000000008003238       0x66 ./Drivers/STM32F7xx_HAL_Driver/Src/stm32f7xx_hal_cortex.o
 *fill*         0x000000000800329e        0x2 
 .text.SysTick_Config
                0x00000000080032a0       0x44 ./Drivers/STM32F7xx_HAL_Driver/Src/stm32f7xx_hal_cortex.o
 .text.HAL_NVIC_SetPriorityGrouping
                0x00000000080032e4       0x16 ./Drivers/STM32F7xx_HAL_Driver/Src/stm32f7xx_hal_cortex.o
                0x00000000080032e4                HAL_NVIC_SetPriorityGrouping
 .text.HAL_NVIC_SetPriority
                0x00000000080032fa       0x38 ./Drivers/STM32F7xx_HAL_Driver/Src/stm32f7xx_hal_cortex.o
                0x00000000080032fa                HAL_NVIC_SetPriority
 .text.HAL_NVIC_EnableIRQ
                0x0000000008003332       0x1c ./Drivers/STM32F7xx_HAL_Driver/Src/stm32f7xx_hal_cortex.o
                0x0000000008003332                HAL_NVIC_EnableIRQ
 .text.HAL_SYSTICK_Config
                0x000000000800334e       0x18 ./Drivers/STM32F7xx_HAL_Driver/Src/stm32f7xx_hal_cortex.o
                0x000000000800334e                HAL_SYSTICK_Config
 *fill*         0x0000000008003366        0x2 
 .text.HAL_GPIO_Init
                0x0000000008003368      0x358 ./Drivers/STM32F7xx_HAL_Driver/Src/stm32f7xx_hal_gpio.o
                0x0000000008003368                HAL_GPIO_Init
 .text.HAL_GPIO_WritePin
                0x00000000080036c0       0x32 ./Drivers/STM32F7xx_HAL_Driver/Src/stm32f7xx_hal_gpio.o
                0x00000000080036c0                HAL_GPIO_WritePin
 *fill*         0x00000000080036f2        0x2 
 .text.HAL_GPIO_EXTI_IRQHandler
                0x00000000080036f4       0x30 ./Drivers/STM32F7xx_HAL_Driver/Src/stm32f7xx_hal_gpio.o
                0x00000000080036f4                HAL_GPIO_EXTI_IRQHandler
 .text.HAL_I2C_Init
                0x0000000008003724      0x120 ./Drivers/STM32F7xx_HAL_Driver/Src/stm32f7xx_hal_i2c.o
                0x0000000008003724                HAL_I2C_Init
 .text.HAL_I2C_Mem_Write
                0x0000000008003844      0x228 ./Drivers/STM32F7xx_HAL_Driver/Src/stm32f7xx_hal_i2c.o
                0x0000000008003844                HAL_I2C_Mem_Write
 .text.HAL_I2C_Mem_Read
                0x0000000008003a6c      0x234 ./Drivers/STM32F7xx_HAL_Driver/Src/stm32f7xx_hal_i2c.o
                0x0000000008003a6c                HAL_I2C_Mem_Read
 .text.I2C_RequestMemoryWrite
                0x0000000008003ca0       0xa8 ./Drivers/STM32F7xx_HAL_Driver/Src/stm32f7xx_hal_i2c.o
 .text.I2C_RequestMemoryRead
                0x0000000008003d48       0xa8 ./Drivers/STM32F7xx_HAL_Driver/Src/stm32f7xx_hal_i2c.o
 .text.I2C_Flush_TXDR
                0x0000000008003df0       0x48 ./Drivers/STM32F7xx_HAL_Driver/Src/stm32f7xx_hal_i2c.o
 .text.I2C_WaitOnFlagUntilTimeout
                0x0000000008003e38       0x80 ./Drivers/STM32F7xx_HAL_Driver/Src/stm32f7xx_hal_i2c.o
 .text.I2C_WaitOnTXISFlagUntilTimeout
                0x0000000008003eb8       0x80 ./Drivers/STM32F7xx_HAL_Driver/Src/stm32f7xx_hal_i2c.o
 .text.I2C_WaitOnSTOPFlagUntilTimeout
                0x0000000008003f38       0x78 ./Drivers/STM32F7xx_HAL_Driver/Src/stm32f7xx_hal_i2c.o
 .text.I2C_IsErrorOccurred
                0x0000000008003fb0      0x1c0 ./Drivers/STM32F7xx_HAL_Driver/Src/stm32f7xx_hal_i2c.o
 .text.I2C_TransferConfig
                0x0000000008004170       0x64 ./Drivers/STM32F7xx_HAL_Driver/Src/stm32f7xx_hal_i2c.o
 .text.HAL_I2CEx_ConfigAnalogFilter
                0x00000000080041d4       0x96 ./Drivers/STM32F7xx_HAL_Driver/Src/stm32f7xx_hal_i2c_ex.o
                0x00000000080041d4                HAL_I2CEx_ConfigAnalogFilter
 .text.HAL_I2CEx_ConfigDigitalFilter
                0x000000000800426a       0x98 ./Drivers/STM32F7xx_HAL_Driver/Src/stm32f7xx_hal_i2c_ex.o
                0x000000000800426a                HAL_I2CEx_ConfigDigitalFilter
 *fill*         0x0000000008004302        0x2 
 .text.HAL_PWR_EnableBkUpAccess
                0x0000000008004304       0x20 ./Drivers/STM32F7xx_HAL_Driver/Src/stm32f7xx_hal_pwr.o
                0x0000000008004304                HAL_PWR_EnableBkUpAccess
 .text.HAL_PWREx_EnableOverDrive
                0x0000000008004324       0xa0 ./Drivers/STM32F7xx_HAL_Driver/Src/stm32f7xx_hal_pwr_ex.o
                0x0000000008004324                HAL_PWREx_EnableOverDrive
 .text.HAL_RCC_OscConfig
                0x00000000080043c4      0x55c ./Drivers/STM32F7xx_HAL_Driver/Src/stm32f7xx_hal_rcc.o
                0x00000000080043c4                HAL_RCC_OscConfig
 .text.HAL_RCC_ClockConfig
                0x0000000008004920      0x1d8 ./Drivers/STM32F7xx_HAL_Driver/Src/stm32f7xx_hal_rcc.o
                0x0000000008004920                HAL_RCC_ClockConfig
 .text.HAL_RCC_GetSysClockFreq
                0x0000000008004af8      0x20c ./Drivers/STM32F7xx_HAL_Driver/Src/stm32f7xx_hal_rcc.o
                0x0000000008004af8                HAL_RCC_GetSysClockFreq
 .text.HAL_RCC_GetHCLKFreq
                0x0000000008004d04       0x18 ./Drivers/STM32F7xx_HAL_Driver/Src/stm32f7xx_hal_rcc.o
                0x0000000008004d04                HAL_RCC_GetHCLKFreq
 .text.HAL_RCC_GetPCLK1Freq
                0x0000000008004d1c       0x28 ./Drivers/STM32F7xx_HAL_Driver/Src/stm32f7xx_hal_rcc.o
                0x0000000008004d1c                HAL_RCC_GetPCLK1Freq
 .text.HAL_RCC_GetPCLK2Freq
                0x0000000008004d44       0x28 ./Drivers/STM32F7xx_HAL_Driver/Src/stm32f7xx_hal_rcc.o
                0x0000000008004d44                HAL_RCC_GetPCLK2Freq
 .text.HAL_RCCEx_PeriphCLKConfig
                0x0000000008004d6c      0x850 ./Drivers/STM32F7xx_HAL_Driver/Src/stm32f7xx_hal_rcc_ex.o
                0x0000000008004d6c                HAL_RCCEx_PeriphCLKConfig
 .text.HAL_SPI_Init
                0x00000000080055bc      0x156 ./Drivers/STM32F7xx_HAL_Driver/Src/stm32f7xx_hal_spi.o
                0x00000000080055bc                HAL_SPI_Init
 .text.HAL_TIM_Base_Init
                0x0000000008005712       0xae ./Drivers/STM32F7xx_HAL_Driver/Src/stm32f7xx_hal_tim.o
                0x0000000008005712                HAL_TIM_Base_Init
 .text.HAL_TIM_Base_Start_IT
                0x00000000080057c0       0xf0 ./Drivers/STM32F7xx_HAL_Driver/Src/stm32f7xx_hal_tim.o
                0x00000000080057c0                HAL_TIM_Base_Start_IT
 .text.HAL_TIM_OC_Init
                0x00000000080058b0       0xae ./Drivers/STM32F7xx_HAL_Driver/Src/stm32f7xx_hal_tim.o
                0x00000000080058b0                HAL_TIM_OC_Init
 .text.HAL_TIM_OC_MspInit
                0x000000000800595e       0x14 ./Drivers/STM32F7xx_HAL_Driver/Src/stm32f7xx_hal_tim.o
                0x000000000800595e                HAL_TIM_OC_MspInit
 .text.HAL_TIM_PWM_Init
                0x0000000008005972       0xae ./Drivers/STM32F7xx_HAL_Driver/Src/stm32f7xx_hal_tim.o
                0x0000000008005972                HAL_TIM_PWM_Init
 .text.HAL_TIM_PWM_Start
                0x0000000008005a20      0x1f4 ./Drivers/STM32F7xx_HAL_Driver/Src/stm32f7xx_hal_tim.o
                0x0000000008005a20                HAL_TIM_PWM_Start
 .text.HAL_TIM_IC_Init
                0x0000000008005c14       0xae ./Drivers/STM32F7xx_HAL_Driver/Src/stm32f7xx_hal_tim.o
                0x0000000008005c14                HAL_TIM_IC_Init
 .text.HAL_TIM_IC_MspInit
                0x0000000008005cc2       0x14 ./Drivers/STM32F7xx_HAL_Driver/Src/stm32f7xx_hal_tim.o
                0x0000000008005cc2                HAL_TIM_IC_MspInit
 *fill*         0x0000000008005cd6        0x2 
 .text.HAL_TIM_Encoder_Init
                0x0000000008005cd8      0x14c ./Drivers/STM32F7xx_HAL_Driver/Src/stm32f7xx_hal_tim.o
                0x0000000008005cd8                HAL_TIM_Encoder_Init
 .text.HAL_TIM_Encoder_Start
                0x0000000008005e24      0x11c ./Drivers/STM32F7xx_HAL_Driver/Src/stm32f7xx_hal_tim.o
                0x0000000008005e24                HAL_TIM_Encoder_Start
 .text.HAL_TIM_IRQHandler
                0x0000000008005f40      0x23e ./Drivers/STM32F7xx_HAL_Driver/Src/stm32f7xx_hal_tim.o
                0x0000000008005f40                HAL_TIM_IRQHandler
 *fill*         0x000000000800617e        0x2 
 .text.HAL_TIM_OC_ConfigChannel
                0x0000000008006180       0xf4 ./Drivers/STM32F7xx_HAL_Driver/Src/stm32f7xx_hal_tim.o
                0x0000000008006180                HAL_TIM_OC_ConfigChannel
 .text.HAL_TIM_IC_ConfigChannel
                0x0000000008006274      0x138 ./Drivers/STM32F7xx_HAL_Driver/Src/stm32f7xx_hal_tim.o
                0x0000000008006274                HAL_TIM_IC_ConfigChannel
 .text.HAL_TIM_PWM_ConfigChannel
                0x00000000080063ac      0x228 ./Drivers/STM32F7xx_HAL_Driver/Src/stm32f7xx_hal_tim.o
                0x00000000080063ac                HAL_TIM_PWM_ConfigChannel
 .text.HAL_TIM_ConfigClockSource
                0x00000000080065d4      0x194 ./Drivers/STM32F7xx_HAL_Driver/Src/stm32f7xx_hal_tim.o
                0x00000000080065d4                HAL_TIM_ConfigClockSource
 .text.HAL_TIM_OC_DelayElapsedCallback
                0x0000000008006768       0x14 ./Drivers/STM32F7xx_HAL_Driver/Src/stm32f7xx_hal_tim.o
                0x0000000008006768                HAL_TIM_OC_DelayElapsedCallback
 .text.HAL_TIM_IC_CaptureCallback
                0x000000000800677c       0x14 ./Drivers/STM32F7xx_HAL_Driver/Src/stm32f7xx_hal_tim.o
                0x000000000800677c                HAL_TIM_IC_CaptureCallback
 .text.HAL_TIM_PWM_PulseFinishedCallback
                0x0000000008006790       0x14 ./Drivers/STM32F7xx_HAL_Driver/Src/stm32f7xx_hal_tim.o
                0x0000000008006790                HAL_TIM_PWM_PulseFinishedCallback
 .text.HAL_TIM_TriggerCallback
                0x00000000080067a4       0x14 ./Drivers/STM32F7xx_HAL_Driver/Src/stm32f7xx_hal_tim.o
                0x00000000080067a4                HAL_TIM_TriggerCallback
 .text.TIM_Base_SetConfig
                0x00000000080067b8      0x140 ./Drivers/STM32F7xx_HAL_Driver/Src/stm32f7xx_hal_tim.o
                0x00000000080067b8                TIM_Base_SetConfig
 .text.TIM_OC1_SetConfig
                0x00000000080068f8       0xe4 ./Drivers/STM32F7xx_HAL_Driver/Src/stm32f7xx_hal_tim.o
 .text.TIM_OC2_SetConfig
                0x00000000080069dc       0xf0 ./Drivers/STM32F7xx_HAL_Driver/Src/stm32f7xx_hal_tim.o
                0x00000000080069dc                TIM_OC2_SetConfig
 .text.TIM_OC3_SetConfig
                0x0000000008006acc       0xec ./Drivers/STM32F7xx_HAL_Driver/Src/stm32f7xx_hal_tim.o
 .text.TIM_OC4_SetConfig
                0x0000000008006bb8       0xb0 ./Drivers/STM32F7xx_HAL_Driver/Src/stm32f7xx_hal_tim.o
 .text.TIM_OC5_SetConfig
                0x0000000008006c68       0xa4 ./Drivers/STM32F7xx_HAL_Driver/Src/stm32f7xx_hal_tim.o
 .text.TIM_OC6_SetConfig
                0x0000000008006d0c       0xa8 ./Drivers/STM32F7xx_HAL_Driver/Src/stm32f7xx_hal_tim.o
 .text.TIM_TI1_SetConfig
                0x0000000008006db4       0xe8 ./Drivers/STM32F7xx_HAL_Driver/Src/stm32f7xx_hal_tim.o
                0x0000000008006db4                TIM_TI1_SetConfig
 .text.TIM_TI1_ConfigInputStage
                0x0000000008006e9c       0x5e ./Drivers/STM32F7xx_HAL_Driver/Src/stm32f7xx_hal_tim.o
 .text.TIM_TI2_SetConfig
                0x0000000008006efa       0x7a ./Drivers/STM32F7xx_HAL_Driver/Src/stm32f7xx_hal_tim.o
 .text.TIM_TI2_ConfigInputStage
                0x0000000008006f74       0x60 ./Drivers/STM32F7xx_HAL_Driver/Src/stm32f7xx_hal_tim.o
 .text.TIM_TI3_SetConfig
                0x0000000008006fd4       0x78 ./Drivers/STM32F7xx_HAL_Driver/Src/stm32f7xx_hal_tim.o
 .text.TIM_TI4_SetConfig
                0x000000000800704c       0x7a ./Drivers/STM32F7xx_HAL_Driver/Src/stm32f7xx_hal_tim.o
 .text.TIM_ITRx_SetConfig
                0x00000000080070c6       0x36 ./Drivers/STM32F7xx_HAL_Driver/Src/stm32f7xx_hal_tim.o
 .text.TIM_ETR_SetConfig
                0x00000000080070fc       0x40 ./Drivers/STM32F7xx_HAL_Driver/Src/stm32f7xx_hal_tim.o
                0x00000000080070fc                TIM_ETR_SetConfig
 .text.TIM_CCxChannelCmd
                0x000000000800713c       0x4a ./Drivers/STM32F7xx_HAL_Driver/Src/stm32f7xx_hal_tim.o
                0x000000000800713c                TIM_CCxChannelCmd
 *fill*         0x0000000008007186        0x2 
 .text.HAL_TIMEx_MasterConfigSynchronization
                0x0000000008007188      0x11c ./Drivers/STM32F7xx_HAL_Driver/Src/stm32f7xx_hal_tim_ex.o
                0x0000000008007188                HAL_TIMEx_MasterConfigSynchronization
 .text.HAL_TIMEx_ConfigBreakDeadTime
                0x00000000080072a4       0xfc ./Drivers/STM32F7xx_HAL_Driver/Src/stm32f7xx_hal_tim_ex.o
                0x00000000080072a4                HAL_TIMEx_ConfigBreakDeadTime
 .text.HAL_TIMEx_CommutCallback
                0x00000000080073a0       0x14 ./Drivers/STM32F7xx_HAL_Driver/Src/stm32f7xx_hal_tim_ex.o
                0x00000000080073a0                HAL_TIMEx_CommutCallback
 .text.HAL_TIMEx_BreakCallback
                0x00000000080073b4       0x14 ./Drivers/STM32F7xx_HAL_Driver/Src/stm32f7xx_hal_tim_ex.o
                0x00000000080073b4                HAL_TIMEx_BreakCallback
 .text.HAL_TIMEx_Break2Callback
                0x00000000080073c8       0x14 ./Drivers/STM32F7xx_HAL_Driver/Src/stm32f7xx_hal_tim_ex.o
                0x00000000080073c8                HAL_TIMEx_Break2Callback
 .text.HAL_UART_Init
                0x00000000080073dc       0x9c ./Drivers/STM32F7xx_HAL_Driver/Src/stm32f7xx_hal_uart.o
                0x00000000080073dc                HAL_UART_Init
 .text.UART_SetConfig
                0x0000000008007478      0x4c8 ./Drivers/STM32F7xx_HAL_Driver/Src/stm32f7xx_hal_uart.o
                0x0000000008007478                UART_SetConfig
 .text.UART_AdvFeatureConfig
                0x0000000008007940      0x144 ./Drivers/STM32F7xx_HAL_Driver/Src/stm32f7xx_hal_uart.o
                0x0000000008007940                UART_AdvFeatureConfig
 .text.UART_CheckIdleState
                0x0000000008007a84       0x9a ./Drivers/STM32F7xx_HAL_Driver/Src/stm32f7xx_hal_uart.o
                0x0000000008007a84                UART_CheckIdleState
 .text.UART_WaitOnFlagUntilTimeout
                0x0000000008007b1e      0x18c ./Drivers/STM32F7xx_HAL_Driver/Src/stm32f7xx_hal_uart.o
                0x0000000008007b1e                UART_WaitOnFlagUntilTimeout
 .text.__cvt    0x0000000008007caa       0xa4 /home/eugen/st/stm32cubeide_1.14.0/plugins/com.st.stm32cube.ide.mcu.externaltools.gnu-tools-for-stm32.11.3.rel1.linux64_1.1.100.202309141235/tools/bin/../lib/gcc/arm-none-eabi/11.3.1/../../../../arm-none-eabi/lib/thumb/v7e-m+dp/hard/libc_nano.a(libc_a-nano-vfprintf_float.o)
                0x0000000008007caa                __cvt
 .text.__exponent
                0x0000000008007d4e       0x7c /home/eugen/st/stm32cubeide_1.14.0/plugins/com.st.stm32cube.ide.mcu.externaltools.gnu-tools-for-stm32.11.3.rel1.linux64_1.1.100.202309141235/tools/bin/../lib/gcc/arm-none-eabi/11.3.1/../../../../arm-none-eabi/lib/thumb/v7e-m+dp/hard/libc_nano.a(libc_a-nano-vfprintf_float.o)
                0x0000000008007d4e                __exponent
 *fill*         0x0000000008007dca        0x6 
 .text._printf_float
                0x0000000008007dd0      0x434 /home/eugen/st/stm32cubeide_1.14.0/plugins/com.st.stm32cube.ide.mcu.externaltools.gnu-tools-for-stm32.11.3.rel1.linux64_1.1.100.202309141235/tools/bin/../lib/gcc/arm-none-eabi/11.3.1/../../../../arm-none-eabi/lib/thumb/v7e-m+dp/hard/libc_nano.a(libc_a-nano-vfprintf_float.o)
                0x0000000008007dd0                _printf_float
 .text._printf_common
                0x0000000008008204       0xda /home/eugen/st/stm32cubeide_1.14.0/plugins/com.st.stm32cube.ide.mcu.externaltools.gnu-tools-for-stm32.11.3.rel1.linux64_1.1.100.202309141235/tools/bin/../lib/gcc/arm-none-eabi/11.3.1/../../../../arm-none-eabi/lib/thumb/v7e-m+dp/hard/libc_nano.a(libc_a-nano-vfprintf_i.o)
                0x0000000008008204                _printf_common
 *fill*         0x00000000080082de        0x2 
 .text._printf_i
                0x00000000080082e0      0x244 /home/eugen/st/stm32cubeide_1.14.0/plugins/com.st.stm32cube.ide.mcu.externaltools.gnu-tools-for-stm32.11.3.rel1.linux64_1.1.100.202309141235/tools/bin/../lib/gcc/arm-none-eabi/11.3.1/../../../../arm-none-eabi/lib/thumb/v7e-m+dp/hard/libc_nano.a(libc_a-nano-vfprintf_i.o)
                0x00000000080082e0                _printf_i
 .text.std      0x0000000008008524       0x6c /home/eugen/st/stm32cubeide_1.14.0/plugins/com.st.stm32cube.ide.mcu.externaltools.gnu-tools-for-stm32.11.3.rel1.linux64_1.1.100.202309141235/tools/bin/../lib/gcc/arm-none-eabi/11.3.1/../../../../arm-none-eabi/lib/thumb/v7e-m+dp/hard/libc_nano.a(libc_a-findfp.o)
 .text.stdio_exit_handler
                0x0000000008008590       0x18 /home/eugen/st/stm32cubeide_1.14.0/plugins/com.st.stm32cube.ide.mcu.externaltools.gnu-tools-for-stm32.11.3.rel1.linux64_1.1.100.202309141235/tools/bin/../lib/gcc/arm-none-eabi/11.3.1/../../../../arm-none-eabi/lib/thumb/v7e-m+dp/hard/libc_nano.a(libc_a-findfp.o)
 .text.cleanup_stdio
                0x00000000080085a8       0x40 /home/eugen/st/stm32cubeide_1.14.0/plugins/com.st.stm32cube.ide.mcu.externaltools.gnu-tools-for-stm32.11.3.rel1.linux64_1.1.100.202309141235/tools/bin/../lib/gcc/arm-none-eabi/11.3.1/../../../../arm-none-eabi/lib/thumb/v7e-m+dp/hard/libc_nano.a(libc_a-findfp.o)
 .text.global_stdio_init.part.0
                0x00000000080085e8       0x3c /home/eugen/st/stm32cubeide_1.14.0/plugins/com.st.stm32cube.ide.mcu.externaltools.gnu-tools-for-stm32.11.3.rel1.linux64_1.1.100.202309141235/tools/bin/../lib/gcc/arm-none-eabi/11.3.1/../../../../arm-none-eabi/lib/thumb/v7e-m+dp/hard/libc_nano.a(libc_a-findfp.o)
 .text.__sfp_lock_acquire
                0x0000000008008624        0xc /home/eugen/st/stm32cubeide_1.14.0/plugins/com.st.stm32cube.ide.mcu.externaltools.gnu-tools-for-stm32.11.3.rel1.linux64_1.1.100.202309141235/tools/bin/../lib/gcc/arm-none-eabi/11.3.1/../../../../arm-none-eabi/lib/thumb/v7e-m+dp/hard/libc_nano.a(libc_a-findfp.o)
                0x0000000008008624                __sfp_lock_acquire
 .text.__sfp_lock_release
                0x0000000008008630        0xc /home/eugen/st/stm32cubeide_1.14.0/plugins/com.st.stm32cube.ide.mcu.externaltools.gnu-tools-for-stm32.11.3.rel1.linux64_1.1.100.202309141235/tools/bin/../lib/gcc/arm-none-eabi/11.3.1/../../../../arm-none-eabi/lib/thumb/v7e-m+dp/hard/libc_nano.a(libc_a-findfp.o)
                0x0000000008008630                __sfp_lock_release
 .text.__sinit  0x000000000800863c       0x30 /home/eugen/st/stm32cubeide_1.14.0/plugins/com.st.stm32cube.ide.mcu.externaltools.gnu-tools-for-stm32.11.3.rel1.linux64_1.1.100.202309141235/tools/bin/../lib/gcc/arm-none-eabi/11.3.1/../../../../arm-none-eabi/lib/thumb/v7e-m+dp/hard/libc_nano.a(libc_a-findfp.o)
                0x000000000800863c                __sinit
 .text._fwalk_sglue
                0x000000000800866c       0x3c /home/eugen/st/stm32cubeide_1.14.0/plugins/com.st.stm32cube.ide.mcu.externaltools.gnu-tools-for-stm32.11.3.rel1.linux64_1.1.100.202309141235/tools/bin/../lib/gcc/arm-none-eabi/11.3.1/../../../../arm-none-eabi/lib/thumb/v7e-m+dp/hard/libc_nano.a(libc_a-fwalk.o)
                0x000000000800866c                _fwalk_sglue
 .text.printf   0x00000000080086a8       0x24 /home/eugen/st/stm32cubeide_1.14.0/plugins/com.st.stm32cube.ide.mcu.externaltools.gnu-tools-for-stm32.11.3.rel1.linux64_1.1.100.202309141235/tools/bin/../lib/gcc/arm-none-eabi/11.3.1/../../../../arm-none-eabi/lib/thumb/v7e-m+dp/hard/libc_nano.a(libc_a-printf.o)
                0x00000000080086a8                printf
                0x00000000080086a8                iprintf
 .text._puts_r  0x00000000080086cc       0xa8 /home/eugen/st/stm32cubeide_1.14.0/plugins/com.st.stm32cube.ide.mcu.externaltools.gnu-tools-for-stm32.11.3.rel1.linux64_1.1.100.202309141235/tools/bin/../lib/gcc/arm-none-eabi/11.3.1/../../../../arm-none-eabi/lib/thumb/v7e-m+dp/hard/libc_nano.a(libc_a-puts.o)
                0x00000000080086cc                _puts_r
 .text.puts     0x0000000008008774       0x10 /home/eugen/st/stm32cubeide_1.14.0/plugins/com.st.stm32cube.ide.mcu.externaltools.gnu-tools-for-stm32.11.3.rel1.linux64_1.1.100.202309141235/tools/bin/../lib/gcc/arm-none-eabi/11.3.1/../../../../arm-none-eabi/lib/thumb/v7e-m+dp/hard/libc_nano.a(libc_a-puts.o)
                0x0000000008008774                puts
 .text.__sread  0x0000000008008784       0x22 /home/eugen/st/stm32cubeide_1.14.0/plugins/com.st.stm32cube.ide.mcu.externaltools.gnu-tools-for-stm32.11.3.rel1.linux64_1.1.100.202309141235/tools/bin/../lib/gcc/arm-none-eabi/11.3.1/../../../../arm-none-eabi/lib/thumb/v7e-m+dp/hard/libc_nano.a(libc_a-stdio.o)
                0x0000000008008784                __sread
 .text.__swrite
                0x00000000080087a6       0x38 /home/eugen/st/stm32cubeide_1.14.0/plugins/com.st.stm32cube.ide.mcu.externaltools.gnu-tools-for-stm32.11.3.rel1.linux64_1.1.100.202309141235/tools/bin/../lib/gcc/arm-none-eabi/11.3.1/../../../../arm-none-eabi/lib/thumb/v7e-m+dp/hard/libc_nano.a(libc_a-stdio.o)
                0x00000000080087a6                __swrite
 .text.__sseek  0x00000000080087de       0x24 /home/eugen/st/stm32cubeide_1.14.0/plugins/com.st.stm32cube.ide.mcu.externaltools.gnu-tools-for-stm32.11.3.rel1.linux64_1.1.100.202309141235/tools/bin/../lib/gcc/arm-none-eabi/11.3.1/../../../../arm-none-eabi/lib/thumb/v7e-m+dp/hard/libc_nano.a(libc_a-stdio.o)
                0x00000000080087de                __sseek
 .text.__sclose
                0x0000000008008802        0x8 /home/eugen/st/stm32cubeide_1.14.0/plugins/com.st.stm32cube.ide.mcu.externaltools.gnu-tools-for-stm32.11.3.rel1.linux64_1.1.100.202309141235/tools/bin/../lib/gcc/arm-none-eabi/11.3.1/../../../../arm-none-eabi/lib/thumb/v7e-m+dp/hard/libc_nano.a(libc_a-stdio.o)
                0x0000000008008802                __sclose
 .text.__swbuf_r
                0x000000000800880a       0x7a /home/eugen/st/stm32cubeide_1.14.0/plugins/com.st.stm32cube.ide.mcu.externaltools.gnu-tools-for-stm32.11.3.rel1.linux64_1.1.100.202309141235/tools/bin/../lib/gcc/arm-none-eabi/11.3.1/../../../../arm-none-eabi/lib/thumb/v7e-m+dp/hard/libc_nano.a(libc_a-wbuf.o)
                0x000000000800880a                __swbuf_r
 .text.__swsetup_r
                0x0000000008008884       0xb0 /home/eugen/st/stm32cubeide_1.14.0/plugins/com.st.stm32cube.ide.mcu.externaltools.gnu-tools-for-stm32.11.3.rel1.linux64_1.1.100.202309141235/tools/bin/../lib/gcc/arm-none-eabi/11.3.1/../../../../arm-none-eabi/lib/thumb/v7e-m+dp/hard/libc_nano.a(libc_a-wsetup.o)
                0x0000000008008884                __swsetup_r
 .text.memset   0x0000000008008934       0x10 /home/eugen/st/stm32cubeide_1.14.0/plugins/com.st.stm32cube.ide.mcu.externaltools.gnu-tools-for-stm32.11.3.rel1.linux64_1.1.100.202309141235/tools/bin/../lib/gcc/arm-none-eabi/11.3.1/../../../../arm-none-eabi/lib/thumb/v7e-m+dp/hard/libc_nano.a(libc_a-memset.o)
                0x0000000008008934                memset
 .text._localeconv_r
                0x0000000008008944        0x8 /home/eugen/st/stm32cubeide_1.14.0/plugins/com.st.stm32cube.ide.mcu.externaltools.gnu-tools-for-stm32.11.3.rel1.linux64_1.1.100.202309141235/tools/bin/../lib/gcc/arm-none-eabi/11.3.1/../../../../arm-none-eabi/lib/thumb/v7e-m+dp/hard/libc_nano.a(libc_a-localeconv.o)
                0x0000000008008944                _localeconv_r
 .text._close_r
                0x000000000800894c       0x20 /home/eugen/st/stm32cubeide_1.14.0/plugins/com.st.stm32cube.ide.mcu.externaltools.gnu-tools-for-stm32.11.3.rel1.linux64_1.1.100.202309141235/tools/bin/../lib/gcc/arm-none-eabi/11.3.1/../../../../arm-none-eabi/lib/thumb/v7e-m+dp/hard/libc_nano.a(libc_a-closer.o)
                0x000000000800894c                _close_r
 .text._lseek_r
                0x000000000800896c       0x24 /home/eugen/st/stm32cubeide_1.14.0/plugins/com.st.stm32cube.ide.mcu.externaltools.gnu-tools-for-stm32.11.3.rel1.linux64_1.1.100.202309141235/tools/bin/../lib/gcc/arm-none-eabi/11.3.1/../../../../arm-none-eabi/lib/thumb/v7e-m+dp/hard/libc_nano.a(libc_a-lseekr.o)
                0x000000000800896c                _lseek_r
 .text._read_r  0x0000000008008990       0x24 /home/eugen/st/stm32cubeide_1.14.0/plugins/com.st.stm32cube.ide.mcu.externaltools.gnu-tools-for-stm32.11.3.rel1.linux64_1.1.100.202309141235/tools/bin/../lib/gcc/arm-none-eabi/11.3.1/../../../../arm-none-eabi/lib/thumb/v7e-m+dp/hard/libc_nano.a(libc_a-readr.o)
                0x0000000008008990                _read_r
 .text._write_r
                0x00000000080089b4       0x24 /home/eugen/st/stm32cubeide_1.14.0/plugins/com.st.stm32cube.ide.mcu.externaltools.gnu-tools-for-stm32.11.3.rel1.linux64_1.1.100.202309141235/tools/bin/../lib/gcc/arm-none-eabi/11.3.1/../../../../arm-none-eabi/lib/thumb/v7e-m+dp/hard/libc_nano.a(libc_a-writer.o)
                0x00000000080089b4                _write_r
 .text.__errno  0x00000000080089d8        0xc /home/eugen/st/stm32cubeide_1.14.0/plugins/com.st.stm32cube.ide.mcu.externaltools.gnu-tools-for-stm32.11.3.rel1.linux64_1.1.100.202309141235/tools/bin/../lib/gcc/arm-none-eabi/11.3.1/../../../../arm-none-eabi/lib/thumb/v7e-m+dp/hard/libc_nano.a(libc_a-errno.o)
                0x00000000080089d8                __errno
 .text.__libc_init_array
                0x00000000080089e4       0x48 /home/eugen/st/stm32cubeide_1.14.0/plugins/com.st.stm32cube.ide.mcu.externaltools.gnu-tools-for-stm32.11.3.rel1.linux64_1.1.100.202309141235/tools/bin/../lib/gcc/arm-none-eabi/11.3.1/../../../../arm-none-eabi/lib/thumb/v7e-m+dp/hard/libc_nano.a(libc_a-init.o)
                0x00000000080089e4                __libc_init_array
 .text.__retarget_lock_init_recursive
                0x0000000008008a2c        0x2 /home/eugen/st/stm32cubeide_1.14.0/plugins/com.st.stm32cube.ide.mcu.externaltools.gnu-tools-for-stm32.11.3.rel1.linux64_1.1.100.202309141235/tools/bin/../lib/gcc/arm-none-eabi/11.3.1/../../../../arm-none-eabi/lib/thumb/v7e-m+dp/hard/libc_nano.a(libc_a-lock.o)
                0x0000000008008a2c                __retarget_lock_init_recursive
 .text.__retarget_lock_acquire_recursive
                0x0000000008008a2e        0x2 /home/eugen/st/stm32cubeide_1.14.0/plugins/com.st.stm32cube.ide.mcu.externaltools.gnu-tools-for-stm32.11.3.rel1.linux64_1.1.100.202309141235/tools/bin/../lib/gcc/arm-none-eabi/11.3.1/../../../../arm-none-eabi/lib/thumb/v7e-m+dp/hard/libc_nano.a(libc_a-lock.o)
                0x0000000008008a2e                __retarget_lock_acquire_recursive
 .text.__retarget_lock_release_recursive
                0x0000000008008a30        0x2 /home/eugen/st/stm32cubeide_1.14.0/plugins/com.st.stm32cube.ide.mcu.externaltools.gnu-tools-for-stm32.11.3.rel1.linux64_1.1.100.202309141235/tools/bin/../lib/gcc/arm-none-eabi/11.3.1/../../../../arm-none-eabi/lib/thumb/v7e-m+dp/hard/libc_nano.a(libc_a-lock.o)
                0x0000000008008a30                __retarget_lock_release_recursive
 .text.memcpy   0x0000000008008a32       0x1c /home/eugen/st/stm32cubeide_1.14.0/plugins/com.st.stm32cube.ide.mcu.externaltools.gnu-tools-for-stm32.11.3.rel1.linux64_1.1.100.202309141235/tools/bin/../lib/gcc/arm-none-eabi/11.3.1/../../../../arm-none-eabi/lib/thumb/v7e-m+dp/hard/libc_nano.a(libc_a-memcpy-stub.o)
                0x0000000008008a32                memcpy
 .text.quorem   0x0000000008008a4e      0x110 /home/eugen/st/stm32cubeide_1.14.0/plugins/com.st.stm32cube.ide.mcu.externaltools.gnu-tools-for-stm32.11.3.rel1.linux64_1.1.100.202309141235/tools/bin/../lib/gcc/arm-none-eabi/11.3.1/../../../../arm-none-eabi/lib/thumb/v7e-m+dp/hard/libc_nano.a(libc_a-dtoa.o)
 *fill*         0x0000000008008b5e        0x2 
 .text._dtoa_r  0x0000000008008b60      0xad8 /home/eugen/st/stm32cubeide_1.14.0/plugins/com.st.stm32cube.ide.mcu.externaltools.gnu-tools-for-stm32.11.3.rel1.linux64_1.1.100.202309141235/tools/bin/../lib/gcc/arm-none-eabi/11.3.1/../../../../arm-none-eabi/lib/thumb/v7e-m+dp/hard/libc_nano.a(libc_a-dtoa.o)
                0x0000000008008b60                _dtoa_r
 .text._free_r  0x0000000008009638       0x98 /home/eugen/st/stm32cubeide_1.14.0/plugins/com.st.stm32cube.ide.mcu.externaltools.gnu-tools-for-stm32.11.3.rel1.linux64_1.1.100.202309141235/tools/bin/../lib/gcc/arm-none-eabi/11.3.1/../../../../arm-none-eabi/lib/thumb/v7e-m+dp/hard/libc_nano.a(libc_a-freer.o)
                0x0000000008009638                _free_r
 .text.malloc   0x00000000080096d0       0x10 /home/eugen/st/stm32cubeide_1.14.0/plugins/com.st.stm32cube.ide.mcu.externaltools.gnu-tools-for-stm32.11.3.rel1.linux64_1.1.100.202309141235/tools/bin/../lib/gcc/arm-none-eabi/11.3.1/../../../../arm-none-eabi/lib/thumb/v7e-m+dp/hard/libc_nano.a(libc_a-malloc.o)
                0x00000000080096d0                malloc
 .text.sbrk_aligned
                0x00000000080096e0       0x40 /home/eugen/st/stm32cubeide_1.14.0/plugins/com.st.stm32cube.ide.mcu.externaltools.gnu-tools-for-stm32.11.3.rel1.linux64_1.1.100.202309141235/tools/bin/../lib/gcc/arm-none-eabi/11.3.1/../../../../arm-none-eabi/lib/thumb/v7e-m+dp/hard/libc_nano.a(libc_a-mallocr.o)
 .text._malloc_r
                0x0000000008009720      0x100 /home/eugen/st/stm32cubeide_1.14.0/plugins/com.st.stm32cube.ide.mcu.externaltools.gnu-tools-for-stm32.11.3.rel1.linux64_1.1.100.202309141235/tools/bin/../lib/gcc/arm-none-eabi/11.3.1/../../../../arm-none-eabi/lib/thumb/v7e-m+dp/hard/libc_nano.a(libc_a-mallocr.o)
                0x0000000008009720                _malloc_r
 .text.__malloc_lock
                0x0000000008009820        0xc /home/eugen/st/stm32cubeide_1.14.0/plugins/com.st.stm32cube.ide.mcu.externaltools.gnu-tools-for-stm32.11.3.rel1.linux64_1.1.100.202309141235/tools/bin/../lib/gcc/arm-none-eabi/11.3.1/../../../../arm-none-eabi/lib/thumb/v7e-m+dp/hard/libc_nano.a(libc_a-mlock.o)
                0x0000000008009820                __malloc_lock
 .text.__malloc_unlock
                0x000000000800982c        0xc /home/eugen/st/stm32cubeide_1.14.0/plugins/com.st.stm32cube.ide.mcu.externaltools.gnu-tools-for-stm32.11.3.rel1.linux64_1.1.100.202309141235/tools/bin/../lib/gcc/arm-none-eabi/11.3.1/../../../../arm-none-eabi/lib/thumb/v7e-m+dp/hard/libc_nano.a(libc_a-mlock.o)
                0x000000000800982c                __malloc_unlock
 .text._Balloc  0x0000000008009838       0x80 /home/eugen/st/stm32cubeide_1.14.0/plugins/com.st.stm32cube.ide.mcu.externaltools.gnu-tools-for-stm32.11.3.rel1.linux64_1.1.100.202309141235/tools/bin/../lib/gcc/arm-none-eabi/11.3.1/../../../../arm-none-eabi/lib/thumb/v7e-m+dp/hard/libc_nano.a(libc_a-mprec.o)
                0x0000000008009838                _Balloc
 .text._Bfree   0x00000000080098b8       0x44 /home/eugen/st/stm32cubeide_1.14.0/plugins/com.st.stm32cube.ide.mcu.externaltools.gnu-tools-for-stm32.11.3.rel1.linux64_1.1.100.202309141235/tools/bin/../lib/gcc/arm-none-eabi/11.3.1/../../../../arm-none-eabi/lib/thumb/v7e-m+dp/hard/libc_nano.a(libc_a-mprec.o)
                0x00000000080098b8                _Bfree
 .text.__multadd
                0x00000000080098fc       0x8c /home/eugen/st/stm32cubeide_1.14.0/plugins/com.st.stm32cube.ide.mcu.externaltools.gnu-tools-for-stm32.11.3.rel1.linux64_1.1.100.202309141235/tools/bin/../lib/gcc/arm-none-eabi/11.3.1/../../../../arm-none-eabi/lib/thumb/v7e-m+dp/hard/libc_nano.a(libc_a-mprec.o)
                0x00000000080098fc                __multadd
 .text.__hi0bits
                0x0000000008009988       0x40 /home/eugen/st/stm32cubeide_1.14.0/plugins/com.st.stm32cube.ide.mcu.externaltools.gnu-tools-for-stm32.11.3.rel1.linux64_1.1.100.202309141235/tools/bin/../lib/gcc/arm-none-eabi/11.3.1/../../../../arm-none-eabi/lib/thumb/v7e-m+dp/hard/libc_nano.a(libc_a-mprec.o)
                0x0000000008009988                __hi0bits
 .text.__lo0bits
                0x00000000080099c8       0x5a /home/eugen/st/stm32cubeide_1.14.0/plugins/com.st.stm32cube.ide.mcu.externaltools.gnu-tools-for-stm32.11.3.rel1.linux64_1.1.100.202309141235/tools/bin/../lib/gcc/arm-none-eabi/11.3.1/../../../../arm-none-eabi/lib/thumb/v7e-m+dp/hard/libc_nano.a(libc_a-mprec.o)
                0x00000000080099c8                __lo0bits
 *fill*         0x0000000008009a22        0x2 
 .text.__i2b    0x0000000008009a24       0x2c /home/eugen/st/stm32cubeide_1.14.0/plugins/com.st.stm32cube.ide.mcu.externaltools.gnu-tools-for-stm32.11.3.rel1.linux64_1.1.100.202309141235/tools/bin/../lib/gcc/arm-none-eabi/11.3.1/../../../../arm-none-eabi/lib/thumb/v7e-m+dp/hard/libc_nano.a(libc_a-mprec.o)
                0x0000000008009a24                __i2b
 .text.__multiply
                0x0000000008009a50      0x154 /home/eugen/st/stm32cubeide_1.14.0/plugins/com.st.stm32cube.ide.mcu.externaltools.gnu-tools-for-stm32.11.3.rel1.linux64_1.1.100.202309141235/tools/bin/../lib/gcc/arm-none-eabi/11.3.1/../../../../arm-none-eabi/lib/thumb/v7e-m+dp/hard/libc_nano.a(libc_a-mprec.o)
                0x0000000008009a50                __multiply
 .text.__pow5mult
                0x0000000008009ba4       0xb4 /home/eugen/st/stm32cubeide_1.14.0/plugins/com.st.stm32cube.ide.mcu.externaltools.gnu-tools-for-stm32.11.3.rel1.linux64_1.1.100.202309141235/tools/bin/../lib/gcc/arm-none-eabi/11.3.1/../../../../arm-none-eabi/lib/thumb/v7e-m+dp/hard/libc_nano.a(libc_a-mprec.o)
                0x0000000008009ba4                __pow5mult
 .text.__lshift
                0x0000000008009c58       0xd8 /home/eugen/st/stm32cubeide_1.14.0/plugins/com.st.stm32cube.ide.mcu.externaltools.gnu-tools-for-stm32.11.3.rel1.linux64_1.1.100.202309141235/tools/bin/../lib/gcc/arm-none-eabi/11.3.1/../../../../arm-none-eabi/lib/thumb/v7e-m+dp/hard/libc_nano.a(libc_a-mprec.o)
                0x0000000008009c58                __lshift
 .text.__mcmp   0x0000000008009d30       0x38 /home/eugen/st/stm32cubeide_1.14.0/plugins/com.st.stm32cube.ide.mcu.externaltools.gnu-tools-for-stm32.11.3.rel1.linux64_1.1.100.202309141235/tools/bin/../lib/gcc/arm-none-eabi/11.3.1/../../../../arm-none-eabi/lib/thumb/v7e-m+dp/hard/libc_nano.a(libc_a-mprec.o)
                0x0000000008009d30                __mcmp
 .text.__mdiff  0x0000000008009d68      0x114 /home/eugen/st/stm32cubeide_1.14.0/plugins/com.st.stm32cube.ide.mcu.externaltools.gnu-tools-for-stm32.11.3.rel1.linux64_1.1.100.202309141235/tools/bin/../lib/gcc/arm-none-eabi/11.3.1/../../../../arm-none-eabi/lib/thumb/v7e-m+dp/hard/libc_nano.a(libc_a-mprec.o)
                0x0000000008009d68                __mdiff
 .text.__d2b    0x0000000008009e7c       0xb4 /home/eugen/st/stm32cubeide_1.14.0/plugins/com.st.stm32cube.ide.mcu.externaltools.gnu-tools-for-stm32.11.3.rel1.linux64_1.1.100.202309141235/tools/bin/../lib/gcc/arm-none-eabi/11.3.1/../../../../arm-none-eabi/lib/thumb/v7e-m+dp/hard/libc_nano.a(libc_a-mprec.o)
                0x0000000008009e7c                __d2b
 .text.__sfputc_r
                0x0000000008009f30       0x2e /home/eugen/st/stm32cubeide_1.14.0/plugins/com.st.stm32cube.ide.mcu.externaltools.gnu-tools-for-stm32.11.3.rel1.linux64_1.1.100.202309141235/tools/bin/../lib/gcc/arm-none-eabi/11.3.1/../../../../arm-none-eabi/lib/thumb/v7e-m+dp/hard/libc_nano.a(libc_a-nano-vfprintf.o)
 .text.__sfputs_r
                0x0000000008009f5e       0x24 /home/eugen/st/stm32cubeide_1.14.0/plugins/com.st.stm32cube.ide.mcu.externaltools.gnu-tools-for-stm32.11.3.rel1.linux64_1.1.100.202309141235/tools/bin/../lib/gcc/arm-none-eabi/11.3.1/../../../../arm-none-eabi/lib/thumb/v7e-m+dp/hard/libc_nano.a(libc_a-nano-vfprintf.o)
                0x0000000008009f5e                __sfputs_r
 *fill*         0x0000000008009f82        0x2 
 .text._vfprintf_r
                0x0000000008009f84      0x234 /home/eugen/st/stm32cubeide_1.14.0/plugins/com.st.stm32cube.ide.mcu.externaltools.gnu-tools-for-stm32.11.3.rel1.linux64_1.1.100.202309141235/tools/bin/../lib/gcc/arm-none-eabi/11.3.1/../../../../arm-none-eabi/lib/thumb/v7e-m+dp/hard/libc_nano.a(libc_a-nano-vfprintf.o)
                0x0000000008009f84                _vfiprintf_r
                0x0000000008009f84                _vfprintf_r
 .text.__sflush_r
                0x000000000800a1b8      0x10c /home/eugen/st/stm32cubeide_1.14.0/plugins/com.st.stm32cube.ide.mcu.externaltools.gnu-tools-for-stm32.11.3.rel1.linux64_1.1.100.202309141235/tools/bin/../lib/gcc/arm-none-eabi/11.3.1/../../../../arm-none-eabi/lib/thumb/v7e-m+dp/hard/libc_nano.a(libc_a-fflush.o)
                0x000000000800a1b8                __sflush_r
 .text._fflush_r
                0x000000000800a2c4       0x50 /home/eugen/st/stm32cubeide_1.14.0/plugins/com.st.stm32cube.ide.mcu.externaltools.gnu-tools-for-stm32.11.3.rel1.linux64_1.1.100.202309141235/tools/bin/../lib/gcc/arm-none-eabi/11.3.1/../../../../arm-none-eabi/lib/thumb/v7e-m+dp/hard/libc_nano.a(libc_a-fflush.o)
                0x000000000800a2c4                _fflush_r
 .text.__swhatbuf_r
                0x000000000800a314       0x4c /home/eugen/st/stm32cubeide_1.14.0/plugins/com.st.stm32cube.ide.mcu.externaltools.gnu-tools-for-stm32.11.3.rel1.linux64_1.1.100.202309141235/tools/bin/../lib/gcc/arm-none-eabi/11.3.1/../../../../arm-none-eabi/lib/thumb/v7e-m+dp/hard/libc_nano.a(libc_a-makebuf.o)
                0x000000000800a314                __swhatbuf_r
 .text.__smakebuf_r
                0x000000000800a360       0x78 /home/eugen/st/stm32cubeide_1.14.0/plugins/com.st.stm32cube.ide.mcu.externaltools.gnu-tools-for-stm32.11.3.rel1.linux64_1.1.100.202309141235/tools/bin/../lib/gcc/arm-none-eabi/11.3.1/../../../../arm-none-eabi/lib/thumb/v7e-m+dp/hard/libc_nano.a(libc_a-makebuf.o)
                0x000000000800a360                __smakebuf_r
 .text._fstat_r
                0x000000000800a3d8       0x24 /home/eugen/st/stm32cubeide_1.14.0/plugins/com.st.stm32cube.ide.mcu.externaltools.gnu-tools-for-stm32.11.3.rel1.linux64_1.1.100.202309141235/tools/bin/../lib/gcc/arm-none-eabi/11.3.1/../../../../arm-none-eabi/lib/thumb/v7e-m+dp/hard/libc_nano.a(libc_a-fstatr.o)
                0x000000000800a3d8                _fstat_r
 .text._isatty_r
                0x000000000800a3fc       0x20 /home/eugen/st/stm32cubeide_1.14.0/plugins/com.st.stm32cube.ide.mcu.externaltools.gnu-tools-for-stm32.11.3.rel1.linux64_1.1.100.202309141235/tools/bin/../lib/gcc/arm-none-eabi/11.3.1/../../../../arm-none-eabi/lib/thumb/v7e-m+dp/hard/libc_nano.a(libc_a-isattyr.o)
                0x000000000800a3fc                _isatty_r
 .text._sbrk_r  0x000000000800a41c       0x20 /home/eugen/st/stm32cubeide_1.14.0/plugins/com.st.stm32cube.ide.mcu.externaltools.gnu-tools-for-stm32.11.3.rel1.linux64_1.1.100.202309141235/tools/bin/../lib/gcc/arm-none-eabi/11.3.1/../../../../arm-none-eabi/lib/thumb/v7e-m+dp/hard/libc_nano.a(libc_a-sbrkr.o)
                0x000000000800a41c                _sbrk_r
 .text.__assert_func
                0x000000000800a43c       0x3c /home/eugen/st/stm32cubeide_1.14.0/plugins/com.st.stm32cube.ide.mcu.externaltools.gnu-tools-for-stm32.11.3.rel1.linux64_1.1.100.202309141235/tools/bin/../lib/gcc/arm-none-eabi/11.3.1/../../../../arm-none-eabi/lib/thumb/v7e-m+dp/hard/libc_nano.a(libc_a-assert.o)
                0x000000000800a43c                __assert_func
 .text._calloc_r
                0x000000000800a478       0x2c /home/eugen/st/stm32cubeide_1.14.0/plugins/com.st.stm32cube.ide.mcu.externaltools.gnu-tools-for-stm32.11.3.rel1.linux64_1.1.100.202309141235/tools/bin/../lib/gcc/arm-none-eabi/11.3.1/../../../../arm-none-eabi/lib/thumb/v7e-m+dp/hard/libc_nano.a(libc_a-callocr.o)
                0x000000000800a478                _calloc_r
 .text.__ascii_mbtowc
                0x000000000800a4a4       0x24 /home/eugen/st/stm32cubeide_1.14.0/plugins/com.st.stm32cube.ide.mcu.externaltools.gnu-tools-for-stm32.11.3.rel1.linux64_1.1.100.202309141235/tools/bin/../lib/gcc/arm-none-eabi/11.3.1/../../../../arm-none-eabi/lib/thumb/v7e-m+dp/hard/libc_nano.a(libc_a-mbtowc_r.o)
                0x000000000800a4a4                __ascii_mbtowc
 .text.__ascii_wctomb
                0x000000000800a4c8       0x1a /home/eugen/st/stm32cubeide_1.14.0/plugins/com.st.stm32cube.ide.mcu.externaltools.gnu-tools-for-stm32.11.3.rel1.linux64_1.1.100.202309141235/tools/bin/../lib/gcc/arm-none-eabi/11.3.1/../../../../arm-none-eabi/lib/thumb/v7e-m+dp/hard/libc_nano.a(libc_a-wctomb_r.o)
                0x000000000800a4c8                __ascii_wctomb
 *fill*         0x000000000800a4e2        0x2 
 .text.fprintf  0x000000000800a4e4       0x24 /home/eugen/st/stm32cubeide_1.14.0/plugins/com.st.stm32cube.ide.mcu.externaltools.gnu-tools-for-stm32.11.3.rel1.linux64_1.1.100.202309141235/tools/bin/../lib/gcc/arm-none-eabi/11.3.1/../../../../arm-none-eabi/lib/thumb/v7e-m+dp/hard/libc_nano.a(libc_a-fprintf.o)
                0x000000000800a4e4                fprintf
                0x000000000800a4e4                fiprintf
 .text.abort    0x000000000800a508        0xe /home/eugen/st/stm32cubeide_1.14.0/plugins/com.st.stm32cube.ide.mcu.externaltools.gnu-tools-for-stm32.11.3.rel1.linux64_1.1.100.202309141235/tools/bin/../lib/gcc/arm-none-eabi/11.3.1/../../../../arm-none-eabi/lib/thumb/v7e-m+dp/hard/libc_nano.a(libc_a-abort.o)
                0x000000000800a508                abort
 .text._raise_r
                0x000000000800a516       0x50 /home/eugen/st/stm32cubeide_1.14.0/plugins/com.st.stm32cube.ide.mcu.externaltools.gnu-tools-for-stm32.11.3.rel1.linux64_1.1.100.202309141235/tools/bin/../lib/gcc/arm-none-eabi/11.3.1/../../../../arm-none-eabi/lib/thumb/v7e-m+dp/hard/libc_nano.a(libc_a-signal.o)
                0x000000000800a516                _raise_r
 *fill*         0x000000000800a566        0x2 
 .text.raise    0x000000000800a568       0x10 /home/eugen/st/stm32cubeide_1.14.0/plugins/com.st.stm32cube.ide.mcu.externaltools.gnu-tools-for-stm32.11.3.rel1.linux64_1.1.100.202309141235/tools/bin/../lib/gcc/arm-none-eabi/11.3.1/../../../../arm-none-eabi/lib/thumb/v7e-m+dp/hard/libc_nano.a(libc_a-signal.o)
                0x000000000800a568                raise
 .text._kill_r  0x000000000800a578       0x24 /home/eugen/st/stm32cubeide_1.14.0/plugins/com.st.stm32cube.ide.mcu.externaltools.gnu-tools-for-stm32.11.3.rel1.linux64_1.1.100.202309141235/tools/bin/../lib/gcc/arm-none-eabi/11.3.1/../../../../arm-none-eabi/lib/thumb/v7e-m+dp/hard/libc_nano.a(libc_a-signalr.o)
                0x000000000800a578                _kill_r
 .text._getpid_r
                0x000000000800a59c        0x4 /home/eugen/st/stm32cubeide_1.14.0/plugins/com.st.stm32cube.ide.mcu.externaltools.gnu-tools-for-stm32.11.3.rel1.linux64_1.1.100.202309141235/tools/bin/../lib/gcc/arm-none-eabi/11.3.1/../../../../arm-none-eabi/lib/thumb/v7e-m+dp/hard/libc_nano.a(libc_a-signalr.o)
                0x000000000800a59c                _getpid_r
 *(.glue_7)
 .glue_7        0x000000000800a5a0        0x0 linker stubs
 *(.glue_7t)
 .glue_7t       0x000000000800a5a0        0x0 linker stubs
 *(.eh_frame)
 .eh_frame      0x000000000800a5a0        0x0 /home/eugen/st/stm32cubeide_1.14.0/plugins/com.st.stm32cube.ide.mcu.externaltools.gnu-tools-for-stm32.11.3.rel1.linux64_1.1.100.202309141235/tools/bin/../lib/gcc/arm-none-eabi/11.3.1/thumb/v7e-m+dp/hard/crtbegin.o
 *(.init)
 .init          0x000000000800a5a0        0x4 /home/eugen/st/stm32cubeide_1.14.0/plugins/com.st.stm32cube.ide.mcu.externaltools.gnu-tools-for-stm32.11.3.rel1.linux64_1.1.100.202309141235/tools/bin/../lib/gcc/arm-none-eabi/11.3.1/thumb/v7e-m+dp/hard/crti.o
                0x000000000800a5a0                _init
 .init          0x000000000800a5a4        0x8 /home/eugen/st/stm32cubeide_1.14.0/plugins/com.st.stm32cube.ide.mcu.externaltools.gnu-tools-for-stm32.11.3.rel1.linux64_1.1.100.202309141235/tools/bin/../lib/gcc/arm-none-eabi/11.3.1/thumb/v7e-m+dp/hard/crtn.o
 *(.fini)
 .fini          0x000000000800a5ac        0x4 /home/eugen/st/stm32cubeide_1.14.0/plugins/com.st.stm32cube.ide.mcu.externaltools.gnu-tools-for-stm32.11.3.rel1.linux64_1.1.100.202309141235/tools/bin/../lib/gcc/arm-none-eabi/11.3.1/thumb/v7e-m+dp/hard/crti.o
                0x000000000800a5ac                _fini
 .fini          0x000000000800a5b0        0x8 /home/eugen/st/stm32cubeide_1.14.0/plugins/com.st.stm32cube.ide.mcu.externaltools.gnu-tools-for-stm32.11.3.rel1.linux64_1.1.100.202309141235/tools/bin/../lib/gcc/arm-none-eabi/11.3.1/thumb/v7e-m+dp/hard/crtn.o
                0x000000000800a5b8                . = ALIGN (0x4)
                0x000000000800a5b8                _etext = .

.vfp11_veneer   0x000000000800a5b8        0x0
 .vfp11_veneer  0x000000000800a5b8        0x0 linker stubs

.v4_bx          0x000000000800a5b8        0x0
 .v4_bx         0x000000000800a5b8        0x0 linker stubs

.iplt           0x000000000800a5b8        0x0
 .iplt          0x000000000800a5b8        0x0 /home/eugen/st/stm32cubeide_1.14.0/plugins/com.st.stm32cube.ide.mcu.externaltools.gnu-tools-for-stm32.11.3.rel1.linux64_1.1.100.202309141235/tools/bin/../lib/gcc/arm-none-eabi/11.3.1/thumb/v7e-m+dp/hard/crtbegin.o

.rodata         0x000000000800a5b8      0x3cc
                0x000000000800a5b8                . = ALIGN (0x4)
 *(.rodata)
 .rodata        0x000000000800a5b8       0x3e ./Core/Src/main.o
 *(.rodata*)
 *fill*         0x000000000800a5f6        0x2 
 .rodata.AHBPrescTable
                0x000000000800a5f8       0x10 ./Core/Src/system_stm32f7xx.o
                0x000000000800a5f8                AHBPrescTable
 .rodata.APBPrescTable
                0x000000000800a608        0x8 ./Core/Src/system_stm32f7xx.o
                0x000000000800a608                APBPrescTable
 .rodata._printf_float.str1.1
                0x000000000800a610       0x12 /home/eugen/st/stm32cubeide_1.14.0/plugins/com.st.stm32cube.ide.mcu.externaltools.gnu-tools-for-stm32.11.3.rel1.linux64_1.1.100.202309141235/tools/bin/../lib/gcc/arm-none-eabi/11.3.1/../../../../arm-none-eabi/lib/thumb/v7e-m+dp/hard/libc_nano.a(libc_a-nano-vfprintf_float.o)
 .rodata._printf_i.str1.1
                0x000000000800a622       0x22 /home/eugen/st/stm32cubeide_1.14.0/plugins/com.st.stm32cube.ide.mcu.externaltools.gnu-tools-for-stm32.11.3.rel1.linux64_1.1.100.202309141235/tools/bin/../lib/gcc/arm-none-eabi/11.3.1/../../../../arm-none-eabi/lib/thumb/v7e-m+dp/hard/libc_nano.a(libc_a-nano-vfprintf_i.o)
 .rodata._dtoa_r.str1.1
                0x000000000800a644       0x8d /home/eugen/st/stm32cubeide_1.14.0/plugins/com.st.stm32cube.ide.mcu.externaltools.gnu-tools-for-stm32.11.3.rel1.linux64_1.1.100.202309141235/tools/bin/../lib/gcc/arm-none-eabi/11.3.1/../../../../arm-none-eabi/lib/thumb/v7e-m+dp/hard/libc_nano.a(libc_a-dtoa.o)
                                         0x8f (size before relaxing)
 .rodata._Balloc.str1.1
                0x000000000800a6d1       0x59 /home/eugen/st/stm32cubeide_1.14.0/plugins/com.st.stm32cube.ide.mcu.externaltools.gnu-tools-for-stm32.11.3.rel1.linux64_1.1.100.202309141235/tools/bin/../lib/gcc/arm-none-eabi/11.3.1/../../../../arm-none-eabi/lib/thumb/v7e-m+dp/hard/libc_nano.a(libc_a-mprec.o)
                                         0x70 (size before relaxing)
 .rodata.__multadd.str1.1
                0x000000000800a72a       0x11 /home/eugen/st/stm32cubeide_1.14.0/plugins/com.st.stm32cube.ide.mcu.externaltools.gnu-tools-for-stm32.11.3.rel1.linux64_1.1.100.202309141235/tools/bin/../lib/gcc/arm-none-eabi/11.3.1/../../../../arm-none-eabi/lib/thumb/v7e-m+dp/hard/libc_nano.a(libc_a-mprec.o)
 *fill*         0x000000000800a72a        0x6 
 .rodata.__mprec_bigtens
                0x000000000800a730       0x28 /home/eugen/st/stm32cubeide_1.14.0/plugins/com.st.stm32cube.ide.mcu.externaltools.gnu-tools-for-stm32.11.3.rel1.linux64_1.1.100.202309141235/tools/bin/../lib/gcc/arm-none-eabi/11.3.1/../../../../arm-none-eabi/lib/thumb/v7e-m+dp/hard/libc_nano.a(libc_a-mprec.o)
                0x000000000800a730                __mprec_bigtens
 .rodata.__mprec_tens
                0x000000000800a758       0xc8 /home/eugen/st/stm32cubeide_1.14.0/plugins/com.st.stm32cube.ide.mcu.externaltools.gnu-tools-for-stm32.11.3.rel1.linux64_1.1.100.202309141235/tools/bin/../lib/gcc/arm-none-eabi/11.3.1/../../../../arm-none-eabi/lib/thumb/v7e-m+dp/hard/libc_nano.a(libc_a-mprec.o)
                0x000000000800a758                __mprec_tens
 .rodata.p05.0  0x000000000800a820        0xc /home/eugen/st/stm32cubeide_1.14.0/plugins/com.st.stm32cube.ide.mcu.externaltools.gnu-tools-for-stm32.11.3.rel1.linux64_1.1.100.202309141235/tools/bin/../lib/gcc/arm-none-eabi/11.3.1/../../../../arm-none-eabi/lib/thumb/v7e-m+dp/hard/libc_nano.a(libc_a-mprec.o)
 .rodata._vfprintf_r.str1.1
                0x000000000800a82c       0x11 /home/eugen/st/stm32cubeide_1.14.0/plugins/com.st.stm32cube.ide.mcu.externaltools.gnu-tools-for-stm32.11.3.rel1.linux64_1.1.100.202309141235/tools/bin/../lib/gcc/arm-none-eabi/11.3.1/../../../../arm-none-eabi/lib/thumb/v7e-m+dp/hard/libc_nano.a(libc_a-nano-vfprintf.o)
 .rodata._setlocale_r.str1.1
                0x000000000800a83d        0x8 /home/eugen/st/stm32cubeide_1.14.0/plugins/com.st.stm32cube.ide.mcu.externaltools.gnu-tools-for-stm32.11.3.rel1.linux64_1.1.100.202309141235/tools/bin/../lib/gcc/arm-none-eabi/11.3.1/../../../../arm-none-eabi/lib/thumb/v7e-m+dp/hard/libc_nano.a(libc_a-locale.o)
                                          0x9 (size before relaxing)
 .rodata.str1.1
                0x000000000800a845        0x2 /home/eugen/st/stm32cubeide_1.14.0/plugins/com.st.stm32cube.ide.mcu.externaltools.gnu-tools-for-stm32.11.3.rel1.linux64_1.1.100.202309141235/tools/bin/../lib/gcc/arm-none-eabi/11.3.1/../../../../arm-none-eabi/lib/thumb/v7e-m+dp/hard/libc_nano.a(libc_a-locale.o)
 .rodata.__assert_func.str1.1
                0x000000000800a847       0x3c /home/eugen/st/stm32cubeide_1.14.0/plugins/com.st.stm32cube.ide.mcu.externaltools.gnu-tools-for-stm32.11.3.rel1.linux64_1.1.100.202309141235/tools/bin/../lib/gcc/arm-none-eabi/11.3.1/../../../../arm-none-eabi/lib/thumb/v7e-m+dp/hard/libc_nano.a(libc_a-assert.o)
                                         0x3d (size before relaxing)
 .rodata._ctype_
                0x000000000800a883      0x101 /home/eugen/st/stm32cubeide_1.14.0/plugins/com.st.stm32cube.ide.mcu.externaltools.gnu-tools-for-stm32.11.3.rel1.linux64_1.1.100.202309141235/tools/bin/../lib/gcc/arm-none-eabi/11.3.1/../../../../arm-none-eabi/lib/thumb/v7e-m+dp/hard/libc_nano.a(libc_a-ctype_.o)
                0x000000000800a883                _ctype_
                0x000000000800a984                . = ALIGN (0x4)

.ARM.extab      0x000000000800a984        0x0
                0x000000000800a984                . = ALIGN (0x4)
 *(.ARM.extab* .gnu.linkonce.armextab.*)
                0x000000000800a984                . = ALIGN (0x4)

.ARM            0x000000000800a984        0x8
                0x000000000800a984                . = ALIGN (0x4)
                0x000000000800a984                __exidx_start = .
 *(.ARM.exidx*)
 .ARM.exidx     0x000000000800a984        0x8 /home/eugen/st/stm32cubeide_1.14.0/plugins/com.st.stm32cube.ide.mcu.externaltools.gnu-tools-for-stm32.11.3.rel1.linux64_1.1.100.202309141235/tools/bin/../lib/gcc/arm-none-eabi/11.3.1/thumb/v7e-m+dp/hard/libgcc.a(_udivmoddi4.o)
                0x000000000800a98c                __exidx_end = .
                0x000000000800a98c                . = ALIGN (0x4)

.rel.dyn        0x000000000800a98c        0x0
 .rel.iplt      0x000000000800a98c        0x0 /home/eugen/st/stm32cubeide_1.14.0/plugins/com.st.stm32cube.ide.mcu.externaltools.gnu-tools-for-stm32.11.3.rel1.linux64_1.1.100.202309141235/tools/bin/../lib/gcc/arm-none-eabi/11.3.1/thumb/v7e-m+dp/hard/crtbegin.o

.preinit_array  0x000000000800a98c        0x0
                0x000000000800a98c                . = ALIGN (0x4)
                0x000000000800a98c                PROVIDE (__preinit_array_start = .)
 *(.preinit_array*)
                0x000000000800a98c                PROVIDE (__preinit_array_end = .)
                0x000000000800a98c                . = ALIGN (0x4)

.init_array     0x000000000800a98c        0x4
                0x000000000800a98c                . = ALIGN (0x4)
                0x000000000800a98c                PROVIDE (__init_array_start = .)
 *(SORT_BY_NAME(.init_array.*))
 *(.init_array*)
 .init_array    0x000000000800a98c        0x4 /home/eugen/st/stm32cubeide_1.14.0/plugins/com.st.stm32cube.ide.mcu.externaltools.gnu-tools-for-stm32.11.3.rel1.linux64_1.1.100.202309141235/tools/bin/../lib/gcc/arm-none-eabi/11.3.1/thumb/v7e-m+dp/hard/crtbegin.o
                0x000000000800a990                PROVIDE (__init_array_end = .)
                0x000000000800a990                . = ALIGN (0x4)

.fini_array     0x000000000800a990        0x4
                0x000000000800a990                . = ALIGN (0x4)
                [!provide]                        PROVIDE (__fini_array_start = .)
 *(SORT_BY_NAME(.fini_array.*))
 *(.fini_array*)
 .fini_array    0x000000000800a990        0x4 /home/eugen/st/stm32cubeide_1.14.0/plugins/com.st.stm32cube.ide.mcu.externaltools.gnu-tools-for-stm32.11.3.rel1.linux64_1.1.100.202309141235/tools/bin/../lib/gcc/arm-none-eabi/11.3.1/thumb/v7e-m+dp/hard/crtbegin.o
                [!provide]                        PROVIDE (__fini_array_end = .)
                0x000000000800a994                . = ALIGN (0x4)
                0x000000000800a994                _sidata = LOADADDR (.data)

.data           0x0000000020000000      0x1e4 load address 0x000000000800a994
                0x0000000020000000                . = ALIGN (0x4)
                0x0000000020000000                _sdata = .
 *(.data)
 *(.data*)
 .data.BASE_SPEED
                0x0000000020000000        0x4 ./Core/Src/main.o
                0x0000000020000000                BASE_SPEED
 .data.w        0x0000000020000004        0x8 ./Core/Src/main.o
                0x0000000020000004                w
 .data.prev_error
                0x000000002000000c        0x1 ./Core/Src/main.o
                0x000000002000000c                prev_error
 .data.first_time.1
                0x000000002000000d        0x1 ./Core/Src/main.o
 *fill*         0x000000002000000e        0x2 
 .data.SystemCoreClock
                0x0000000020000010        0x4 ./Core/Src/system_stm32f7xx.o
                0x0000000020000010                SystemCoreClock
 .data.uwTickPrio
                0x0000000020000014        0x4 ./Drivers/STM32F7xx_HAL_Driver/Src/stm32f7xx_hal.o
                0x0000000020000014                uwTickPrio
 .data.uwTickFreq
                0x0000000020000018        0x1 ./Drivers/STM32F7xx_HAL_Driver/Src/stm32f7xx_hal.o
                0x0000000020000018                uwTickFreq
 *fill*         0x0000000020000019        0x3 
 .data.__sglue  0x000000002000001c        0xc /home/eugen/st/stm32cubeide_1.14.0/plugins/com.st.stm32cube.ide.mcu.externaltools.gnu-tools-for-stm32.11.3.rel1.linux64_1.1.100.202309141235/tools/bin/../lib/gcc/arm-none-eabi/11.3.1/../../../../arm-none-eabi/lib/thumb/v7e-m+dp/hard/libc_nano.a(libc_a-findfp.o)
                0x000000002000001c                __sglue
 .data._impure_data
                0x0000000020000028       0x4c /home/eugen/st/stm32cubeide_1.14.0/plugins/com.st.stm32cube.ide.mcu.externaltools.gnu-tools-for-stm32.11.3.rel1.linux64_1.1.100.202309141235/tools/bin/../lib/gcc/arm-none-eabi/11.3.1/../../../../arm-none-eabi/lib/thumb/v7e-m+dp/hard/libc_nano.a(libc_a-impure.o)
                0x0000000020000028                _impure_data
 .data._impure_ptr
                0x0000000020000074        0x4 /home/eugen/st/stm32cubeide_1.14.0/plugins/com.st.stm32cube.ide.mcu.externaltools.gnu-tools-for-stm32.11.3.rel1.linux64_1.1.100.202309141235/tools/bin/../lib/gcc/arm-none-eabi/11.3.1/../../../../arm-none-eabi/lib/thumb/v7e-m+dp/hard/libc_nano.a(libc_a-impure.o)
                0x0000000020000074                _impure_ptr
 .data.__global_locale
                0x0000000020000078      0x16c /home/eugen/st/stm32cubeide_1.14.0/plugins/com.st.stm32cube.ide.mcu.externaltools.gnu-tools-for-stm32.11.3.rel1.linux64_1.1.100.202309141235/tools/bin/../lib/gcc/arm-none-eabi/11.3.1/../../../../arm-none-eabi/lib/thumb/v7e-m+dp/hard/libc_nano.a(libc_a-locale.o)
                0x0000000020000078                __global_locale
 *(.RamFunc)
 *(.RamFunc*)
                0x00000000200001e4                . = ALIGN (0x4)
                0x00000000200001e4                _edata = .

.igot.plt       0x00000000200001e4        0x0 load address 0x000000000800ab78
 .igot.plt      0x00000000200001e4        0x0 /home/eugen/st/stm32cubeide_1.14.0/plugins/com.st.stm32cube.ide.mcu.externaltools.gnu-tools-for-stm32.11.3.rel1.linux64_1.1.100.202309141235/tools/bin/../lib/gcc/arm-none-eabi/11.3.1/thumb/v7e-m+dp/hard/crtbegin.o
                0x00000000200001e4                . = ALIGN (0x4)

.bss            0x00000000200001e4      0x908 load address 0x000000000800ab78
                0x00000000200001e4                _sbss = .
                0x00000000200001e4                __bss_start__ = _sbss
 *(.bss)
 .bss           0x00000000200001e4       0x1c /home/eugen/st/stm32cubeide_1.14.0/plugins/com.st.stm32cube.ide.mcu.externaltools.gnu-tools-for-stm32.11.3.rel1.linux64_1.1.100.202309141235/tools/bin/../lib/gcc/arm-none-eabi/11.3.1/thumb/v7e-m+dp/hard/crtbegin.o
 *(.bss*)
 .bss.hadc1     0x0000000020000200       0x48 ./Core/Src/main.o
                0x0000000020000200                hadc1
 .bss.hi2c1     0x0000000020000248       0x54 ./Core/Src/main.o
                0x0000000020000248                hi2c1
 .bss.hi2c2     0x000000002000029c       0x54 ./Core/Src/main.o
                0x000000002000029c                hi2c2
 .bss.hspi1     0x00000000200002f0       0x64 ./Core/Src/main.o
                0x00000000200002f0                hspi1
 .bss.htim1     0x0000000020000354       0x4c ./Core/Src/main.o
                0x0000000020000354                htim1
 .bss.htim2     0x00000000200003a0       0x4c ./Core/Src/main.o
                0x00000000200003a0                htim2
 .bss.htim3     0x00000000200003ec       0x4c ./Core/Src/main.o
                0x00000000200003ec                htim3
 .bss.htim4     0x0000000020000438       0x4c ./Core/Src/main.o
                0x0000000020000438                htim4
 .bss.htim5     0x0000000020000484       0x4c ./Core/Src/main.o
                0x0000000020000484                htim5
 .bss.htim6     0x00000000200004d0       0x4c ./Core/Src/main.o
                0x00000000200004d0                htim6
 .bss.htim8     0x000000002000051c       0x4c ./Core/Src/main.o
                0x000000002000051c                htim8
 .bss.htim9     0x0000000020000568       0x4c ./Core/Src/main.o
                0x0000000020000568                htim9
 .bss.huart4    0x00000000200005b4       0x88 ./Core/Src/main.o
                0x00000000200005b4                huart4
 .bss.huart5    0x000000002000063c       0x88 ./Core/Src/main.o
                0x000000002000063c                huart5
 .bss.huart1    0x00000000200006c4       0x88 ./Core/Src/main.o
                0x00000000200006c4                huart1
 .bss.huart2    0x000000002000074c       0x88 ./Core/Src/main.o
                0x000000002000074c                huart2
 .bss.huart3    0x00000000200007d4       0x88 ./Core/Src/main.o
                0x00000000200007d4                huart3
 .bss.logger    0x000000002000085c       0xcc ./Core/Src/main.o
                0x000000002000085c                logger
 .bss.SPEED_REFERENCE_A
                0x0000000020000928        0x4 ./Core/Src/main.o
                0x0000000020000928                SPEED_REFERENCE_A
 .bss.SPEED_REFERENCE_B
                0x000000002000092c        0x4 ./Core/Src/main.o
                0x000000002000092c                SPEED_REFERENCE_B
 .bss.e         0x0000000020000930        0x1 ./Core/Src/main.o
                0x0000000020000930                e
 *fill*         0x0000000020000931        0x3 
 .bss.encoder_instance_motA
                0x0000000020000934        0xc ./Core/Src/main.o
                0x0000000020000934                encoder_instance_motA
 .bss.encoder_instance_motB
                0x0000000020000940        0xc ./Core/Src/main.o
                0x0000000020000940                encoder_instance_motB
 .bss.pid_A     0x000000002000094c       0x18 ./Core/Src/main.o
                0x000000002000094c                pid_A
 .bss.pid_B     0x0000000020000964       0x18 ./Core/Src/main.o
                0x0000000020000964                pid_B
 .bss.pid_line  0x000000002000097c       0x18 ./Core/Src/main.o
                0x000000002000097c                pid_line
 .bss.line_data.0
                0x0000000020000994        0x1 ./Core/Src/main.o
 *fill*         0x0000000020000995        0x3 
 .bss.__sbrk_heap_end
                0x0000000020000998        0x4 ./Core/Src/sysmem.o
 .bss.uwTick    0x000000002000099c        0x4 ./Drivers/STM32F7xx_HAL_Driver/Src/stm32f7xx_hal.o
                0x000000002000099c                uwTick
 .bss.__sf      0x00000000200009a0      0x138 /home/eugen/st/stm32cubeide_1.14.0/plugins/com.st.stm32cube.ide.mcu.externaltools.gnu-tools-for-stm32.11.3.rel1.linux64_1.1.100.202309141235/tools/bin/../lib/gcc/arm-none-eabi/11.3.1/../../../../arm-none-eabi/lib/thumb/v7e-m+dp/hard/libc_nano.a(libc_a-findfp.o)
                0x00000000200009a0                __sf
 .bss.__stdio_exit_handler
                0x0000000020000ad8        0x4 /home/eugen/st/stm32cubeide_1.14.0/plugins/com.st.stm32cube.ide.mcu.externaltools.gnu-tools-for-stm32.11.3.rel1.linux64_1.1.100.202309141235/tools/bin/../lib/gcc/arm-none-eabi/11.3.1/../../../../arm-none-eabi/lib/thumb/v7e-m+dp/hard/libc_nano.a(libc_a-findfp.o)
                0x0000000020000ad8                __stdio_exit_handler
 .bss.errno     0x0000000020000adc        0x4 /home/eugen/st/stm32cubeide_1.14.0/plugins/com.st.stm32cube.ide.mcu.externaltools.gnu-tools-for-stm32.11.3.rel1.linux64_1.1.100.202309141235/tools/bin/../lib/gcc/arm-none-eabi/11.3.1/../../../../arm-none-eabi/lib/thumb/v7e-m+dp/hard/libc_nano.a(libc_a-reent.o)
                0x0000000020000adc                errno
 .bss.__lock___malloc_recursive_mutex
                0x0000000020000ae0        0x1 /home/eugen/st/stm32cubeide_1.14.0/plugins/com.st.stm32cube.ide.mcu.externaltools.gnu-tools-for-stm32.11.3.rel1.linux64_1.1.100.202309141235/tools/bin/../lib/gcc/arm-none-eabi/11.3.1/../../../../arm-none-eabi/lib/thumb/v7e-m+dp/hard/libc_nano.a(libc_a-lock.o)
                0x0000000020000ae0                __lock___malloc_recursive_mutex
 .bss.__lock___sfp_recursive_mutex
                0x0000000020000ae1        0x1 /home/eugen/st/stm32cubeide_1.14.0/plugins/com.st.stm32cube.ide.mcu.externaltools.gnu-tools-for-stm32.11.3.rel1.linux64_1.1.100.202309141235/tools/bin/../lib/gcc/arm-none-eabi/11.3.1/../../../../arm-none-eabi/lib/thumb/v7e-m+dp/hard/libc_nano.a(libc_a-lock.o)
                0x0000000020000ae1                __lock___sfp_recursive_mutex
 *fill*         0x0000000020000ae2        0x2 
 .bss.__malloc_free_list
                0x0000000020000ae4        0x4 /home/eugen/st/stm32cubeide_1.14.0/plugins/com.st.stm32cube.ide.mcu.externaltools.gnu-tools-for-stm32.11.3.rel1.linux64_1.1.100.202309141235/tools/bin/../lib/gcc/arm-none-eabi/11.3.1/../../../../arm-none-eabi/lib/thumb/v7e-m+dp/hard/libc_nano.a(libc_a-mallocr.o)
                0x0000000020000ae4                __malloc_free_list
 .bss.__malloc_sbrk_start
                0x0000000020000ae8        0x4 /home/eugen/st/stm32cubeide_1.14.0/plugins/com.st.stm32cube.ide.mcu.externaltools.gnu-tools-for-stm32.11.3.rel1.linux64_1.1.100.202309141235/tools/bin/../lib/gcc/arm-none-eabi/11.3.1/../../../../arm-none-eabi/lib/thumb/v7e-m+dp/hard/libc_nano.a(libc_a-mallocr.o)
                0x0000000020000ae8                __malloc_sbrk_start
 *(COMMON)
                0x0000000020000aec                . = ALIGN (0x4)
                0x0000000020000aec                _ebss = .
                0x0000000020000aec                __bss_end__ = _ebss

._user_heap_stack
                0x0000000020000aec      0x604 load address 0x000000000800ab78
                0x0000000020000af0                . = ALIGN (0x8)
 *fill*         0x0000000020000aec        0x4 
                [!provide]                        PROVIDE (end = .)
                0x0000000020000af0                PROVIDE (_end = .)
                0x0000000020000cf0                . = (. + _Min_Heap_Size)
 *fill*         0x0000000020000af0      0x200 
                0x00000000200010f0                . = (. + _Min_Stack_Size)
 *fill*         0x0000000020000cf0      0x400 
                0x00000000200010f0                . = ALIGN (0x8)

/DISCARD/
 libc.a(*)
 libm.a(*)
 libgcc.a(*)

.ARM.attributes
                0x0000000000000000       0x2e
 *(.ARM.attributes)
 .ARM.attributes
                0x0000000000000000       0x1e /home/eugen/st/stm32cubeide_1.14.0/plugins/com.st.stm32cube.ide.mcu.externaltools.gnu-tools-for-stm32.11.3.rel1.linux64_1.1.100.202309141235/tools/bin/../lib/gcc/arm-none-eabi/11.3.1/thumb/v7e-m+dp/hard/crti.o
 .ARM.attributes
                0x000000000000001e       0x32 /home/eugen/st/stm32cubeide_1.14.0/plugins/com.st.stm32cube.ide.mcu.externaltools.gnu-tools-for-stm32.11.3.rel1.linux64_1.1.100.202309141235/tools/bin/../lib/gcc/arm-none-eabi/11.3.1/thumb/v7e-m+dp/hard/crtbegin.o
 .ARM.attributes
                0x0000000000000050       0x32 ./Core/Src/main.o
 .ARM.attributes
                0x0000000000000082       0x32 ./Core/Src/stm32f7xx_hal_msp.o
 .ARM.attributes
                0x00000000000000b4       0x32 ./Core/Src/stm32f7xx_it.o
 .ARM.attributes
                0x00000000000000e6       0x32 ./Core/Src/syscalls.o
 .ARM.attributes
                0x0000000000000118       0x32 ./Core/Src/sysmem.o
 .ARM.attributes
                0x000000000000014a       0x32 ./Core/Src/system_stm32f7xx.o
 .ARM.attributes
                0x000000000000017c       0x21 ./Core/Startup/startup_stm32f767zitx.o
 .ARM.attributes
                0x000000000000019d       0x32 ./Drivers/STM32F7xx_HAL_Driver/Src/stm32f7xx_hal.o
 .ARM.attributes
                0x00000000000001cf       0x32 ./Drivers/STM32F7xx_HAL_Driver/Src/stm32f7xx_hal_adc.o
 .ARM.attributes
                0x0000000000000201       0x32 ./Drivers/STM32F7xx_HAL_Driver/Src/stm32f7xx_hal_cortex.o
 .ARM.attributes
                0x0000000000000233       0x32 ./Drivers/STM32F7xx_HAL_Driver/Src/stm32f7xx_hal_gpio.o
 .ARM.attributes
                0x0000000000000265       0x32 ./Drivers/STM32F7xx_HAL_Driver/Src/stm32f7xx_hal_i2c.o
 .ARM.attributes
                0x0000000000000297       0x32 ./Drivers/STM32F7xx_HAL_Driver/Src/stm32f7xx_hal_i2c_ex.o
 .ARM.attributes
                0x00000000000002c9       0x32 ./Drivers/STM32F7xx_HAL_Driver/Src/stm32f7xx_hal_pwr.o
 .ARM.attributes
                0x00000000000002fb       0x32 ./Drivers/STM32F7xx_HAL_Driver/Src/stm32f7xx_hal_pwr_ex.o
 .ARM.attributes
                0x000000000000032d       0x32 ./Drivers/STM32F7xx_HAL_Driver/Src/stm32f7xx_hal_rcc.o
 .ARM.attributes
                0x000000000000035f       0x32 ./Drivers/STM32F7xx_HAL_Driver/Src/stm32f7xx_hal_rcc_ex.o
 .ARM.attributes
                0x0000000000000391       0x32 ./Drivers/STM32F7xx_HAL_Driver/Src/stm32f7xx_hal_spi.o
 .ARM.attributes
                0x00000000000003c3       0x32 ./Drivers/STM32F7xx_HAL_Driver/Src/stm32f7xx_hal_tim.o
 .ARM.attributes
                0x00000000000003f5       0x32 ./Drivers/STM32F7xx_HAL_Driver/Src/stm32f7xx_hal_tim_ex.o
 .ARM.attributes
                0x0000000000000427       0x32 ./Drivers/STM32F7xx_HAL_Driver/Src/stm32f7xx_hal_uart.o
 .ARM.attributes
                0x0000000000000459       0x32 /home/eugen/st/stm32cubeide_1.14.0/plugins/com.st.stm32cube.ide.mcu.externaltools.gnu-tools-for-stm32.11.3.rel1.linux64_1.1.100.202309141235/tools/bin/../lib/gcc/arm-none-eabi/11.3.1/../../../../arm-none-eabi/lib/thumb/v7e-m+dp/hard/libc_nano.a(libc_a-nano-vfprintf_float.o)
 .ARM.attributes
                0x000000000000048b       0x32 /home/eugen/st/stm32cubeide_1.14.0/plugins/com.st.stm32cube.ide.mcu.externaltools.gnu-tools-for-stm32.11.3.rel1.linux64_1.1.100.202309141235/tools/bin/../lib/gcc/arm-none-eabi/11.3.1/../../../../arm-none-eabi/lib/thumb/v7e-m+dp/hard/libc_nano.a(libc_a-nano-vfprintf_i.o)
 .ARM.attributes
                0x00000000000004bd       0x32 /home/eugen/st/stm32cubeide_1.14.0/plugins/com.st.stm32cube.ide.mcu.externaltools.gnu-tools-for-stm32.11.3.rel1.linux64_1.1.100.202309141235/tools/bin/../lib/gcc/arm-none-eabi/11.3.1/../../../../arm-none-eabi/lib/thumb/v7e-m+dp/hard/libc_nano.a(libc_a-findfp.o)
 .ARM.attributes
                0x00000000000004ef       0x32 /home/eugen/st/stm32cubeide_1.14.0/plugins/com.st.stm32cube.ide.mcu.externaltools.gnu-tools-for-stm32.11.3.rel1.linux64_1.1.100.202309141235/tools/bin/../lib/gcc/arm-none-eabi/11.3.1/../../../../arm-none-eabi/lib/thumb/v7e-m+dp/hard/libc_nano.a(libc_a-fwalk.o)
 .ARM.attributes